#
# There is insufficient memory for the Java Runtime Environment to continue.
# Native memory allocation (malloc) failed to allocate 2668176 bytes. Error detail: Chunk::new
# Possible reasons:
#   The system is out of physical RAM or swap space
#   This process is running with CompressedOops enabled, and the Java Heap may be blocking the growth of the native heap
# Possible solutions:
#   Reduce memory load on the system
#   Increase physical memory or swap space
#   Check if swap backing store is full
#   Decrease Java heap size (-Xmx/-Xms)
#   Decrease number of Java threads
#   Decrease Java thread stack sizes (-Xss)
#   Set larger code cache with -XX:ReservedCodeCacheSize=
#   JVM is running with Unscaled Compressed Oops mode in which the Java heap is
#     placed in the first 4GB address space. The Java Heap base address is the
#     maximum limit for the native heap growth. Please use -XX:HeapBaseMinAddress
#     to set the Java Heap base and to place the Java Heap above 4GB virtual address.
# This output file may be truncated or incomplete.
#
#  Out of Memory Error (arena.cpp:168), pid=692, tid=26744
#
# JRE version: OpenJDK Runtime Environment Zulu21.34+19-CA (21.0.3+9) (build 21.0.3+9-LTS)
# Java VM: OpenJDK 64-Bit Server VM Zulu21.34+19-CA (21.0.3+9-LTS, mixed mode, sharing, tiered, compressed oops, compressed class ptrs, g1 gc, windows-amd64)
# No core dump will be written. Minidumps are not enabled by default on client versions of Windows
#

---------------  S U M M A R Y ------------

Command Line: --add-opens=java.base/java.lang=ALL-UNNAMED --add-opens=java.base/java.lang.invoke=ALL-UNNAMED --add-opens=java.base/java.util=ALL-UNNAMED --add-opens=java.prefs/java.util.prefs=ALL-UNNAMED --add-exports=jdk.compiler/com.sun.tools.javac.api=ALL-UNNAMED --add-exports=jdk.compiler/com.sun.tools.javac.util=ALL-UNNAMED --add-opens=java.base/java.nio.charset=ALL-UNNAMED --add-opens=java.base/java.net=ALL-UNNAMED --add-opens=java.base/java.util.concurrent=ALL-UNNAMED --add-opens=java.base/java.util.concurrent.atomic=ALL-UNNAMED --add-opens=java.xml/javax.xml.namespace=ALL-UNNAMED --add-opens=java.base/java.time=ALL-UNNAMED -XX:MaxMetaspaceSize=384m -XX:+HeapDumpOnOutOfMemoryError -Xms256m -Xmx512m -Dfile.encoding=UTF-8 -Duser.country=IN -Duser.language=en -Duser.variant -javaagent:C:\Users\gagan\.gradle\wrapper\dists\gradle-9.5.1-bin\iq79hdu3mqx29lgffhp8bfmx\gradle-9.5.1\lib\agents\gradle-instrumentation-agent-9.5.1.jar org.gradle.launcher.daemon.bootstrap.GradleDaemon 9.5.1

Host: 11th Gen Intel(R) Core(TM) i5-11320H @ 3.20GHz, 8 cores, 15G,  Windows 11 , 64 bit Build 26100 (10.0.26100.8737)
Time: Mon Aug  3 21:15:22 2026 India Standard Time elapsed time: 36.181426 seconds (0d 0h 0m 36s)

---------------  T H R E A D  ---------------

Current thread (0x000001fd2467e750):  JavaThread "C2 CompilerThread0" daemon [_thread_in_native, id=26744, stack(0x00000015b7b00000,0x00000015b7c00000) (1024K)]


Current CompileTask:
C2:  36181 9316       4       org.objectweb.asm.ClassReader::readCode (5117 bytes)

Stack: [0x00000015b7b00000,0x00000015b7c00000]
Native frames: (J=compiled Java code, j=interpreted, Vv=VM code, C=native code)
V  [jvm.dll+0x6d3919]
V  [jvm.dll+0x8ae6d1]
V  [jvm.dll+0x8b0a3e]
V  [jvm.dll+0x8b1123]
V  [jvm.dll+0x286316]
V  [jvm.dll+0xc5acd]
V  [jvm.dll+0xc6003]
V  [jvm.dll+0x3bc0c2]
V  [jvm.dll+0x388475]
V  [jvm.dll+0x3878ea]
V  [jvm.dll+0x24b080]
V  [jvm.dll+0x24a661]
V  [jvm.dll+0x1ca404]
V  [jvm.dll+0x259d99]
V  [jvm.dll+0x25831a]
V  [jvm.dll+0x3f6236]
V  [jvm.dll+0x857848]
V  [jvm.dll+0x6d206d]
C  [ucrtbase.dll+0x2cd30]
C  [KERNEL32.DLL+0x2e957]
C  [ntdll.dll+0xaad6c]


---------------  P R O C E S S  ---------------

Threads class SMR info:
_java_thread_list=0x000001fd4222f700, length=48, elements={
0x000001fd065885a0, 0x000001fd2466c270, 0x000001fd2466ece0, 0x000001fd246762b0,
0x000001fd24678d30, 0x000001fd2467af50, 0x000001fd2467d220, 0x000001fd2467e750,
0x000001fd247a7500, 0x000001fd248f48f0, 0x000001fd24aebfc0, 0x000001fd3e9e1070,
0x000001fd3fbb8c50, 0x000001fd3fe621b0, 0x000001fd3fa809b0, 0x000001fd3fa81020,
0x000001fd3f761700, 0x000001fd3fafc5a0, 0x000001fd402b9b70, 0x000001fd402b8e50,
0x000001fd402b94e0, 0x000001fd402b87c0, 0x000001fd402b66f0, 0x000001fd402b6d80,
0x000001fd402b8130, 0x000001fd41fd47a0, 0x000001fd41fd4110, 0x000001fd41fd2d60,
0x000001fd41fd2040, 0x000001fd41fd4e30, 0x000001fd41fd54c0, 0x000001fd41fd33f0,
0x000001fd41fd5b50, 0x000001fd41fd26d0, 0x000001fd41fd61e0, 0x000001fd41fd6870,
0x000001fd41fd3a80, 0x000001fd41fd7590, 0x000001fd41fd7c20, 0x000001fd41fd82b0,
0x000001fd41fd8fd0, 0x000001fd41fd9660, 0x000001fd43389db0, 0x000001fd4338aad0,
0x000001fd4338b160, 0x000001fd43389720, 0x000001fd43389090, 0x000001fd4338b7f0
}

Java Threads: ( => current thread )
  0x000001fd065885a0 JavaThread "main"                              [_thread_blocked, id=37084, stack(0x00000015b6d00000,0x00000015b6e00000) (1024K)]
  0x000001fd2466c270 JavaThread "Reference Handler"          daemon [_thread_blocked, id=3024, stack(0x00000015b7500000,0x00000015b7600000) (1024K)]
  0x000001fd2466ece0 JavaThread "Finalizer"                  daemon [_thread_blocked, id=27748, stack(0x00000015b7600000,0x00000015b7700000) (1024K)]
  0x000001fd246762b0 JavaThread "Signal Dispatcher"          daemon [_thread_blocked, id=29852, stack(0x00000015b7700000,0x00000015b7800000) (1024K)]
  0x000001fd24678d30 JavaThread "Attach Listener"            daemon [_thread_blocked, id=38248, stack(0x00000015b7800000,0x00000015b7900000) (1024K)]
  0x000001fd2467af50 JavaThread "Service Thread"             daemon [_thread_blocked, id=26068, stack(0x00000015b7900000,0x00000015b7a00000) (1024K)]
  0x000001fd2467d220 JavaThread "Monitor Deflation Thread"   daemon [_thread_blocked, id=2012, stack(0x00000015b7a00000,0x00000015b7b00000) (1024K)]
=>0x000001fd2467e750 JavaThread "C2 CompilerThread0"         daemon [_thread_in_native, id=26744, stack(0x00000015b7b00000,0x00000015b7c00000) (1024K)]
  0x000001fd247a7500 JavaThread "C1 CompilerThread0"         daemon [_thread_blocked, id=9508, stack(0x00000015b7c00000,0x00000015b7d00000) (1024K)]
  0x000001fd248f48f0 JavaThread "Common-Cleaner"             daemon [_thread_blocked, id=23472, stack(0x00000015b7d00000,0x00000015b7e00000) (1024K)]
  0x000001fd24aebfc0 JavaThread "Notification Thread"        daemon [_thread_blocked, id=38968, stack(0x00000015b7e00000,0x00000015b7f00000) (1024K)]
  0x000001fd3e9e1070 JavaThread "Daemon health stats"               [_thread_blocked, id=22300, stack(0x00000015b8400000,0x00000015b8500000) (1024K)]
  0x000001fd3fbb8c50 JavaThread "Incoming local TCP Connector on port 61608"        [_thread_in_native, id=37528, stack(0x00000015b8500000,0x00000015b8600000) (1024K)]
  0x000001fd3fe621b0 JavaThread "Daemon periodic checks"            [_thread_blocked, id=12724, stack(0x00000015b8600000,0x00000015b8700000) (1024K)]
  0x000001fd3fa809b0 JavaThread "Daemon"                            [_thread_blocked, id=8744, stack(0x00000015b8700000,0x00000015b8800000) (1024K)]
  0x000001fd3fa81020 JavaThread "Handler for socket connection from /127.0.0.1:61608 to /127.0.0.1:61609"        [_thread_in_native, id=18624, stack(0x00000015b8800000,0x00000015b8900000) (1024K)]
  0x000001fd3f761700 JavaThread "Cancel handler"                    [_thread_blocked, id=28704, stack(0x00000015b8900000,0x00000015b8a00000) (1024K)]
  0x000001fd3fafc5a0 JavaThread "Daemon worker"                     [_thread_blocked, id=9716, stack(0x00000015b8a00000,0x00000015b8b00000) (1024K)]
  0x000001fd402b9b70 JavaThread "Asynchronous log dispatcher for DefaultDaemonConnection: socket connection from /127.0.0.1:61608 to /127.0.0.1:61609"        [_thread_blocked, id=15324, stack(0x00000015b8b00000,0x00000015b8c00000) (1024K)]
  0x000001fd402b8e50 JavaThread "Stdin handler"                     [_thread_blocked, id=9444, stack(0x00000015b8c00000,0x00000015b8d00000) (1024K)]
  0x000001fd402b94e0 JavaThread "Daemon client event forwarder"        [_thread_blocked, id=37140, stack(0x00000015b8d00000,0x00000015b8e00000) (1024K)]
  0x000001fd402b87c0 JavaThread "Cache worker for journal cache (C:\Users\gagan\.gradle\caches\journal-1)"        [_thread_blocked, id=14304, stack(0x00000015b8e00000,0x00000015b8f00000) (1024K)]
  0x000001fd402b66f0 JavaThread "File lock request listener"        [_thread_in_native, id=37500, stack(0x00000015b8f00000,0x00000015b9000000) (1024K)]
  0x000001fd402b6d80 JavaThread "Cache worker for file hash cache (C:\Users\gagan\.gradle\caches\9.5.1\fileHashes)"        [_thread_blocked, id=17000, stack(0x00000015b9000000,0x00000015b9100000) (1024K)]
  0x000001fd402b8130 JavaThread "Cache worker for file hash cache (D:\Cursor Projects\GKR-Notification-Service\.gradle\9.5.1\fileHashes)"        [_thread_blocked, id=34632, stack(0x00000015b9400000,0x00000015b9500000) (1024K)]
  0x000001fd41fd47a0 JavaThread "Cache worker for Build Output Cleanup Cache (D:\Cursor Projects\GKR-Notification-Service\.gradle\buildOutputCleanup)"        [_thread_blocked, id=13616, stack(0x00000015b9500000,0x00000015b9600000) (1024K)]
  0x000001fd41fd4110 JavaThread "File watcher server"        daemon [_thread_in_native, id=27788, stack(0x00000015b9600000,0x00000015b9700000) (1024K)]
  0x000001fd41fd2d60 JavaThread "File watcher consumer"      daemon [_thread_blocked, id=21464, stack(0x00000015b9700000,0x00000015b9800000) (1024K)]
  0x000001fd41fd2040 JavaThread "jar transforms"                    [_thread_blocked, id=38228, stack(0x00000015b9800000,0x00000015b9900000) (1024K)]
  0x000001fd41fd4e30 JavaThread "jar transforms Thread 2"           [_thread_blocked, id=34424, stack(0x00000015b9900000,0x00000015b9a00000) (1024K)]
  0x000001fd41fd54c0 JavaThread "jar transforms Thread 3"           [_thread_blocked, id=37172, stack(0x00000015b9a00000,0x00000015b9b00000) (1024K)]
  0x000001fd41fd33f0 JavaThread "jar transforms Thread 4"           [_thread_blocked, id=12952, stack(0x00000015b9b00000,0x00000015b9c00000) (1024K)]
  0x000001fd41fd5b50 JavaThread "jar transforms Thread 5"           [_thread_blocked, id=34392, stack(0x00000015b9c00000,0x00000015b9d00000) (1024K)]
  0x000001fd41fd26d0 JavaThread "jar transforms Thread 6"           [_thread_blocked, id=34048, stack(0x00000015b9d00000,0x00000015b9e00000) (1024K)]
  0x000001fd41fd61e0 JavaThread "jar transforms Thread 7"           [_thread_blocked, id=32596, stack(0x00000015b9e00000,0x00000015b9f00000) (1024K)]
  0x000001fd41fd6870 JavaThread "jar transforms Thread 8"           [_thread_blocked, id=22212, stack(0x00000015b9f00000,0x00000015ba000000) (1024K)]
  0x000001fd41fd3a80 JavaThread "Cache worker for file content cache (C:\Users\gagan\.gradle\caches\9.5.1\fileContent)"        [_thread_blocked, id=32684, stack(0x00000015ba000000,0x00000015ba100000) (1024K)]
  0x000001fd41fd7590 JavaThread "Cache worker for checksums cache (D:\Cursor Projects\GKR-Notification-Service\.gradle\9.5.1\checksums)"        [_thread_blocked, id=6068, stack(0x00000015ba100000,0x00000015ba200000) (1024K)]
  0x000001fd41fd7c20 JavaThread "Cache worker for cache directory md-supplier (C:\Users\gagan\.gradle\caches\9.5.1\md-supplier)"        [_thread_blocked, id=28512, stack(0x00000015ba200000,0x00000015ba300000) (1024K)]
  0x000001fd41fd82b0 JavaThread "Cache worker for cache directory md-rule (C:\Users\gagan\.gradle\caches\9.5.1\md-rule)"        [_thread_blocked, id=22868, stack(0x00000015ba300000,0x00000015ba400000) (1024K)]
  0x000001fd41fd8fd0 JavaThread "Build operations"                  [_thread_blocked, id=16716, stack(0x00000015ba400000,0x00000015ba500000) (1024K)]
  0x000001fd41fd9660 JavaThread "Build operations Thread 2"         [_thread_blocked, id=14004, stack(0x00000015ba500000,0x00000015ba600000) (1024K)]
  0x000001fd43389db0 JavaThread "Build operations Thread 3"         [_thread_blocked, id=30184, stack(0x00000015ba600000,0x00000015ba700000) (1024K)]
  0x000001fd4338aad0 JavaThread "Build operations Thread 4"         [_thread_blocked, id=12252, stack(0x00000015ba700000,0x00000015ba800000) (1024K)]
  0x000001fd4338b160 JavaThread "Build operations Thread 5"         [_thread_blocked, id=19540, stack(0x00000015ba800000,0x00000015ba900000) (1024K)]
  0x000001fd43389720 JavaThread "Build operations Thread 6"         [_thread_blocked, id=18884, stack(0x00000015ba900000,0x00000015baa00000) (1024K)]
  0x000001fd43389090 JavaThread "Build operations Thread 7"         [_thread_in_Java, id=23648, stack(0x00000015baa00000,0x00000015bab00000) (1024K)]
  0x000001fd4338b7f0 JavaThread "Build operations Thread 8"         [_thread_blocked, id=6920, stack(0x00000015bab00000,0x00000015bac00000) (1024K)]
Total: 48

Other Threads:
  0x000001fd2463fcd0 VMThread "VM Thread"                           [id=3860, stack(0x00000015b7400000,0x00000015b7500000) (1024K)]
  0x000001fd2462a4c0 WatcherThread "VM Periodic Task Thread"        [id=15512, stack(0x00000015b7300000,0x00000015b7400000) (1024K)]
  0x000001fd06767c40 WorkerThread "GC Thread#0"                     [id=14716, stack(0x00000015b6e00000,0x00000015b6f00000) (1024K)]
  0x000001fd3e24f620 WorkerThread "GC Thread#1"                     [id=31776, stack(0x00000015b7f00000,0x00000015b8000000) (1024K)]
  0x000001fd3e24f9d0 WorkerThread "GC Thread#2"                     [id=37236, stack(0x00000015b8000000,0x00000015b8100000) (1024K)]
  0x000001fd3e24fd80 WorkerThread "GC Thread#3"                     [id=27384, stack(0x00000015b8100000,0x00000015b8200000) (1024K)]
  0x000001fd3e765c20 WorkerThread "GC Thread#4"                     [id=31068, stack(0x00000015b8200000,0x00000015b8300000) (1024K)]
  0x000001fd3e765fd0 WorkerThread "GC Thread#5"                     [id=36896, stack(0x00000015b8300000,0x00000015b8400000) (1024K)]
  0x000001fd4045f720 WorkerThread "GC Thread#6"                     [id=26632, stack(0x00000015b9100000,0x00000015b9200000) (1024K)]
  0x000001fd4045fe80 WorkerThread "GC Thread#7"                     [id=17316, stack(0x00000015b9200000,0x00000015b9300000) (1024K)]
  0x000001fd0676cb40 ConcurrentGCThread "G1 Main Marker"            [id=12336, stack(0x00000015b6f00000,0x00000015b7000000) (1024K)]
  0x000001fd0676e570 WorkerThread "G1 Conc#0"                       [id=33440, stack(0x00000015b7000000,0x00000015b7100000) (1024K)]
  0x000001fd404605e0 WorkerThread "G1 Conc#1"                       [id=6880, stack(0x00000015b9300000,0x00000015b9400000) (1024K)]
  0x000001fd24502160 ConcurrentGCThread "G1 Refine#0"               [id=35640, stack(0x00000015b7100000,0x00000015b7200000) (1024K)]
  0x000001fd24502990 ConcurrentGCThread "G1 Service"                [id=13140, stack(0x00000015b7200000,0x00000015b7300000) (1024K)]
Total: 15

Threads with active compile tasks:
C2 CompilerThread0    36247 9316       4       org.objectweb.asm.ClassReader::readCode (5117 bytes)
Total: 1

VM state: not at safepoint (normal execution)

VM Mutex/Monitor currently owned by a thread: None

Heap address: 0x00000000e0000000, size: 512 MB, Compressed Oops mode: 32-bit

CDS archive(s) mapped at: [0x000001fd25000000-0x000001fd25cf0000-0x000001fd25cf0000), size 13565952, SharedBaseAddress: 0x000001fd25000000, ArchiveRelocationMode: 1.
Compressed class space mapped at: 0x000001fd26000000-0x000001fd3a000000, reserved size: 335544320
Narrow klass base: 0x000001fd25000000, Narrow klass shift: 0, Narrow klass range: 0x100000000

GC Precious Log:
 CardTable entry size: 512
 Card Set container configuration: InlinePtr #cards 5 size 8 Array Of Cards #cards 12 size 40 Howl #buckets 4 coarsen threshold 1843 Howl Bitmap #cards 512 size 80 coarsen threshold 460 Card regions per heap region 1 cards per card region 2048
 CPUs: 8 total, 8 available
 Memory: 16122M
 Large Page Support: Disabled
 NUMA Support: Disabled
 Compressed Oops: Enabled (32-bit)
 Heap Region Size: 1M
 Heap Min Capacity: 256M
 Heap Initial Capacity: 256M
 Heap Max Capacity: 512M
 Pre-touch: Disabled
 Parallel Workers: 8
 Concurrent Workers: 2
 Concurrent Refinement Workers: 8
 Periodic GC: Disabled

Heap:
 garbage-first heap   total 290816K, used 229847K [0x00000000e0000000, 0x0000000100000000)
  region size 1024K, 93 young (95232K), 9 survivors (9216K)
 Metaspace       used 56194K, committed 58048K, reserved 393216K
  class space    used 7769K, committed 8704K, reserved 327680K

Heap Regions: E=young(eden), S=young(survivor), O=old, HS=humongous(starts), HC=humongous(continues), CS=collection set, F=free, TAMS=top-at-mark-start, PB=parsable bottom
|   0|0x00000000e0000000, 0x00000000e0100000, 0x00000000e0100000|100%|HS|  |TAMS 0x00000000e0000000| PB 0x00000000e0000000| Complete 
|   1|0x00000000e0100000, 0x00000000e0200000, 0x00000000e0200000|100%|HC|  |TAMS 0x00000000e0100000| PB 0x00000000e0100000| Complete 
|   2|0x00000000e0200000, 0x00000000e0300000, 0x00000000e0300000|100%|HC|  |TAMS 0x00000000e0200000| PB 0x00000000e0200000| Complete 
|   3|0x00000000e0300000, 0x00000000e0400000, 0x00000000e0400000|100%|HC|  |TAMS 0x00000000e0300000| PB 0x00000000e0300000| Complete 
|   4|0x00000000e0400000, 0x00000000e0500000, 0x00000000e0500000|100%| O|  |TAMS 0x00000000e0400000| PB 0x00000000e0400000| Untracked 
|   5|0x00000000e0500000, 0x00000000e0600000, 0x00000000e0600000|100%| O|  |TAMS 0x00000000e0500000| PB 0x00000000e0500000| Untracked 
|   6|0x00000000e0600000, 0x00000000e0700000, 0x00000000e0700000|100%| O|  |TAMS 0x00000000e0600000| PB 0x00000000e0600000| Untracked 
|   7|0x00000000e0700000, 0x00000000e0800000, 0x00000000e0800000|100%| O|  |TAMS 0x00000000e0700000| PB 0x00000000e0700000| Untracked 
|   8|0x00000000e0800000, 0x00000000e0900000, 0x00000000e0900000|100%| O|  |TAMS 0x00000000e0800000| PB 0x00000000e0800000| Untracked 
|   9|0x00000000e0900000, 0x00000000e0a00000, 0x00000000e0a00000|100%|HS|  |TAMS 0x00000000e0900000| PB 0x00000000e0900000| Complete 
|  10|0x00000000e0a00000, 0x00000000e0b00000, 0x00000000e0b00000|100%| O|  |TAMS 0x00000000e0a00000| PB 0x00000000e0a00000| Untracked 
|  11|0x00000000e0b00000, 0x00000000e0c00000, 0x00000000e0c00000|100%| O|  |TAMS 0x00000000e0b00000| PB 0x00000000e0b00000| Untracked 
|  12|0x00000000e0c00000, 0x00000000e0d00000, 0x00000000e0d00000|100%| O|  |TAMS 0x00000000e0c00000| PB 0x00000000e0c00000| Untracked 
|  13|0x00000000e0d00000, 0x00000000e0e00000, 0x00000000e0e00000|100%| O|  |TAMS 0x00000000e0d00000| PB 0x00000000e0d00000| Untracked 
|  14|0x00000000e0e00000, 0x00000000e0f00000, 0x00000000e0f00000|100%| O|  |TAMS 0x00000000e0e00000| PB 0x00000000e0e00000| Untracked 
|  15|0x00000000e0f00000, 0x00000000e1000000, 0x00000000e1000000|100%| O|  |TAMS 0x00000000e0f00000| PB 0x00000000e0f00000| Untracked 
|  16|0x00000000e1000000, 0x00000000e1100000, 0x00000000e1100000|100%| O|  |TAMS 0x00000000e1000000| PB 0x00000000e1000000| Untracked 
|  17|0x00000000e1100000, 0x00000000e1200000, 0x00000000e1200000|100%| O|  |TAMS 0x00000000e1100000| PB 0x00000000e1100000| Untracked 
|  18|0x00000000e1200000, 0x00000000e1300000, 0x00000000e1300000|100%| O|  |TAMS 0x00000000e1200000| PB 0x00000000e1200000| Untracked 
|  19|0x00000000e1300000, 0x00000000e1400000, 0x00000000e1400000|100%| O|  |TAMS 0x00000000e1300000| PB 0x00000000e1300000| Untracked 
|  20|0x00000000e1400000, 0x00000000e1500000, 0x00000000e1500000|100%| O|  |TAMS 0x00000000e1400000| PB 0x00000000e1400000| Untracked 
|  21|0x00000000e1500000, 0x00000000e1600000, 0x00000000e1600000|100%| O|  |TAMS 0x00000000e1500000| PB 0x00000000e1500000| Untracked 
|  22|0x00000000e1600000, 0x00000000e1700000, 0x00000000e1700000|100%| O|  |TAMS 0x00000000e1600000| PB 0x00000000e1600000| Untracked 
|  23|0x00000000e1700000, 0x00000000e1800000, 0x00000000e1800000|100%|HS|  |TAMS 0x00000000e1700000| PB 0x00000000e1700000| Complete 
|  24|0x00000000e1800000, 0x00000000e1900000, 0x00000000e1900000|100%|HC|  |TAMS 0x00000000e1800000| PB 0x00000000e1800000| Complete 
|  25|0x00000000e1900000, 0x00000000e1a00000, 0x00000000e1a00000|100%|HC|  |TAMS 0x00000000e1900000| PB 0x00000000e1900000| Complete 
|  26|0x00000000e1a00000, 0x00000000e1b00000, 0x00000000e1b00000|100%|HC|  |TAMS 0x00000000e1a00000| PB 0x00000000e1a00000| Complete 
|  27|0x00000000e1b00000, 0x00000000e1c00000, 0x00000000e1c00000|100%|HC|  |TAMS 0x00000000e1b00000| PB 0x00000000e1b00000| Complete 
|  28|0x00000000e1c00000, 0x00000000e1d00000, 0x00000000e1d00000|100%|HC|  |TAMS 0x00000000e1c00000| PB 0x00000000e1c00000| Complete 
|  29|0x00000000e1d00000, 0x00000000e1e00000, 0x00000000e1e00000|100%|HS|  |TAMS 0x00000000e1d00000| PB 0x00000000e1d00000| Complete 
|  30|0x00000000e1e00000, 0x00000000e1f00000, 0x00000000e1f00000|100%|HS|  |TAMS 0x00000000e1e00000| PB 0x00000000e1e00000| Complete 
|  31|0x00000000e1f00000, 0x00000000e2000000, 0x00000000e2000000|100%|HC|  |TAMS 0x00000000e1f00000| PB 0x00000000e1f00000| Complete 
|  32|0x00000000e2000000, 0x00000000e2100000, 0x00000000e2100000|100%|HS|  |TAMS 0x00000000e2000000| PB 0x00000000e2000000| Complete 
|  33|0x00000000e2100000, 0x00000000e2200000, 0x00000000e2200000|100%|HS|  |TAMS 0x00000000e2100000| PB 0x00000000e2100000| Complete 
|  34|0x00000000e2200000, 0x00000000e2300000, 0x00000000e2300000|100%|HC|  |TAMS 0x00000000e2200000| PB 0x00000000e2200000| Complete 
|  35|0x00000000e2300000, 0x00000000e2400000, 0x00000000e2400000|100%|HC|  |TAMS 0x00000000e2300000| PB 0x00000000e2300000| Complete 
|  36|0x00000000e2400000, 0x00000000e2500000, 0x00000000e2500000|100%|HS|  |TAMS 0x00000000e2400000| PB 0x00000000e2400000| Complete 
|  37|0x00000000e2500000, 0x00000000e2600000, 0x00000000e2600000|100%|HC|  |TAMS 0x00000000e2500000| PB 0x00000000e2500000| Complete 
|  38|0x00000000e2600000, 0x00000000e2700000, 0x00000000e2700000|100%|HC|  |TAMS 0x00000000e2600000| PB 0x00000000e2600000| Complete 
|  39|0x00000000e2700000, 0x00000000e2800000, 0x00000000e2800000|100%|HC|  |TAMS 0x00000000e2700000| PB 0x00000000e2700000| Complete 
|  40|0x00000000e2800000, 0x00000000e2900000, 0x00000000e2900000|100%|HC|  |TAMS 0x00000000e2800000| PB 0x00000000e2800000| Complete 
|  41|0x00000000e2900000, 0x00000000e2a00000, 0x00000000e2a00000|100%|HC|  |TAMS 0x00000000e2900000| PB 0x00000000e2900000| Complete 
|  42|0x00000000e2a00000, 0x00000000e2b00000, 0x00000000e2b00000|100%|HS|  |TAMS 0x00000000e2a00000| PB 0x00000000e2a00000| Complete 
|  43|0x00000000e2b00000, 0x00000000e2c00000, 0x00000000e2c00000|100%|HS|  |TAMS 0x00000000e2b00000| PB 0x00000000e2b00000| Complete 
|  44|0x00000000e2c00000, 0x00000000e2d00000, 0x00000000e2d00000|100%|HC|  |TAMS 0x00000000e2c00000| PB 0x00000000e2c00000| Complete 
|  45|0x00000000e2d00000, 0x00000000e2e00000, 0x00000000e2e00000|100%|HS|  |TAMS 0x00000000e2d00000| PB 0x00000000e2d00000| Complete 
|  46|0x00000000e2e00000, 0x00000000e2f00000, 0x00000000e2f00000|100%|HS|  |TAMS 0x00000000e2e00000| PB 0x00000000e2e00000| Complete 
|  47|0x00000000e2f00000, 0x00000000e3000000, 0x00000000e3000000|100%|HC|  |TAMS 0x00000000e2f00000| PB 0x00000000e2f00000| Complete 
|  48|0x00000000e3000000, 0x00000000e3100000, 0x00000000e3100000|100%|HC|  |TAMS 0x00000000e3000000| PB 0x00000000e3000000| Complete 
|  49|0x00000000e3100000, 0x00000000e3200000, 0x00000000e3200000|100%| O|Cm|TAMS 0x00000000e3100000| PB 0x00000000e3100000| Complete 
|  50|0x00000000e3200000, 0x00000000e3300000, 0x00000000e3300000|100%| O|  |TAMS 0x00000000e3200000| PB 0x00000000e3200000| Untracked 
|  51|0x00000000e3300000, 0x00000000e3400000, 0x00000000e3400000|100%| O|  |TAMS 0x00000000e3300000| PB 0x00000000e3300000| Untracked 
|  52|0x00000000e3400000, 0x00000000e3500000, 0x00000000e3500000|100%| O|  |TAMS 0x00000000e3400000| PB 0x00000000e3400000| Untracked 
|  53|0x00000000e3500000, 0x00000000e3600000, 0x00000000e3600000|100%| O|  |TAMS 0x00000000e3500000| PB 0x00000000e3500000| Untracked 
|  54|0x00000000e3600000, 0x00000000e3700000, 0x00000000e3700000|100%| O|  |TAMS 0x00000000e3600000| PB 0x00000000e3600000| Untracked 
|  55|0x00000000e3700000, 0x00000000e3800000, 0x00000000e3800000|100%| O|  |TAMS 0x00000000e3700000| PB 0x00000000e3700000| Untracked 
|  56|0x00000000e3800000, 0x00000000e3900000, 0x00000000e3900000|100%| O|  |TAMS 0x00000000e3800000| PB 0x00000000e3800000| Untracked 
|  57|0x00000000e3900000, 0x00000000e3a00000, 0x00000000e3a00000|100%| O|  |TAMS 0x00000000e3900000| PB 0x00000000e3900000| Untracked 
|  58|0x00000000e3a00000, 0x00000000e3b00000, 0x00000000e3b00000|100%| O|  |TAMS 0x00000000e3a00000| PB 0x00000000e3a00000| Untracked 
|  59|0x00000000e3b00000, 0x00000000e3c00000, 0x00000000e3c00000|100%| O|  |TAMS 0x00000000e3b00000| PB 0x00000000e3b00000| Untracked 
|  60|0x00000000e3c00000, 0x00000000e3d00000, 0x00000000e3d00000|100%| O|  |TAMS 0x00000000e3c00000| PB 0x00000000e3c00000| Untracked 
|  61|0x00000000e3d00000, 0x00000000e3e00000, 0x00000000e3e00000|100%| O|  |TAMS 0x00000000e3d00000| PB 0x00000000e3d00000| Untracked 
|  62|0x00000000e3e00000, 0x00000000e3f00000, 0x00000000e3f00000|100%| O|  |TAMS 0x00000000e3e00000| PB 0x00000000e3e00000| Untracked 
|  63|0x00000000e3f00000, 0x00000000e4000000, 0x00000000e4000000|100%| O|  |TAMS 0x00000000e3f00000| PB 0x00000000e3f00000| Untracked 
|  64|0x00000000e4000000, 0x00000000e4100000, 0x00000000e4100000|100%| O|  |TAMS 0x00000000e4000000| PB 0x00000000e4000000| Untracked 
|  65|0x00000000e4100000, 0x00000000e4200000, 0x00000000e4200000|100%| O|  |TAMS 0x00000000e4100000| PB 0x00000000e4100000| Untracked 
|  66|0x00000000e4200000, 0x00000000e4300000, 0x00000000e4300000|100%| O|  |TAMS 0x00000000e4200000| PB 0x00000000e4200000| Untracked 
|  67|0x00000000e4300000, 0x00000000e4400000, 0x00000000e4400000|100%| O|  |TAMS 0x00000000e4300000| PB 0x00000000e4300000| Untracked 
|  68|0x00000000e4400000, 0x00000000e4500000, 0x00000000e4500000|100%| O|  |TAMS 0x00000000e4400000| PB 0x00000000e4400000| Untracked 
|  69|0x00000000e4500000, 0x00000000e4600000, 0x00000000e4600000|100%| O|  |TAMS 0x00000000e4500000| PB 0x00000000e4500000| Untracked 
|  70|0x00000000e4600000, 0x00000000e4700000, 0x00000000e4700000|100%| O|  |TAMS 0x00000000e4600000| PB 0x00000000e4600000| Untracked 
|  71|0x00000000e4700000, 0x00000000e4800000, 0x00000000e4800000|100%| O|  |TAMS 0x00000000e4700000| PB 0x00000000e4700000| Untracked 
|  72|0x00000000e4800000, 0x00000000e4900000, 0x00000000e4900000|100%| O|  |TAMS 0x00000000e4800000| PB 0x00000000e4800000| Untracked 
|  73|0x00000000e4900000, 0x00000000e4a00000, 0x00000000e4a00000|100%| O|  |TAMS 0x00000000e4900000| PB 0x00000000e4900000| Untracked 
|  74|0x00000000e4a00000, 0x00000000e4b00000, 0x00000000e4b00000|100%| O|  |TAMS 0x00000000e4a00000| PB 0x00000000e4a00000| Untracked 
|  75|0x00000000e4b00000, 0x00000000e4c00000, 0x00000000e4c00000|100%| O|  |TAMS 0x00000000e4b00000| PB 0x00000000e4b00000| Untracked 
|  76|0x00000000e4c00000, 0x00000000e4d00000, 0x00000000e4d00000|100%| O|  |TAMS 0x00000000e4c00000| PB 0x00000000e4c00000| Untracked 
|  77|0x00000000e4d00000, 0x00000000e4e00000, 0x00000000e4e00000|100%| O|  |TAMS 0x00000000e4d00000| PB 0x00000000e4d00000| Untracked 
|  78|0x00000000e4e00000, 0x00000000e4f00000, 0x00000000e4f00000|100%| O|  |TAMS 0x00000000e4e00000| PB 0x00000000e4e00000| Untracked 
|  79|0x00000000e4f00000, 0x00000000e5000000, 0x00000000e5000000|100%| O|  |TAMS 0x00000000e4f00000| PB 0x00000000e4f00000| Untracked 
|  80|0x00000000e5000000, 0x00000000e5100000, 0x00000000e5100000|100%| O|  |TAMS 0x00000000e5000000| PB 0x00000000e5000000| Untracked 
|  81|0x00000000e5100000, 0x00000000e5200000, 0x00000000e5200000|100%|HS|  |TAMS 0x00000000e5100000| PB 0x00000000e5100000| Complete 
|  82|0x00000000e5200000, 0x00000000e5300000, 0x00000000e5300000|100%|HC|  |TAMS 0x00000000e5200000| PB 0x00000000e5200000| Complete 
|  83|0x00000000e5300000, 0x00000000e5400000, 0x00000000e5400000|100%| O|  |TAMS 0x00000000e5300000| PB 0x00000000e5300000| Untracked 
|  84|0x00000000e5400000, 0x00000000e5500000, 0x00000000e5500000|100%| O|  |TAMS 0x00000000e5400000| PB 0x00000000e5400000| Untracked 
|  85|0x00000000e5500000, 0x00000000e5600000, 0x00000000e5600000|100%| O|  |TAMS 0x00000000e5500000| PB 0x00000000e5500000| Untracked 
|  86|0x00000000e5600000, 0x00000000e5700000, 0x00000000e5700000|100%| O|  |TAMS 0x00000000e5600000| PB 0x00000000e5600000| Untracked 
|  87|0x00000000e5700000, 0x00000000e5800000, 0x00000000e5800000|100%| O|  |TAMS 0x00000000e5700000| PB 0x00000000e5700000| Untracked 
|  88|0x00000000e5800000, 0x00000000e5900000, 0x00000000e5900000|100%| O|  |TAMS 0x00000000e5800000| PB 0x00000000e5800000| Untracked 
|  89|0x00000000e5900000, 0x00000000e5a00000, 0x00000000e5a00000|100%| O|  |TAMS 0x00000000e5900000| PB 0x00000000e5900000| Untracked 
|  90|0x00000000e5a00000, 0x00000000e5b00000, 0x00000000e5b00000|100%| O|  |TAMS 0x00000000e5a00000| PB 0x00000000e5a00000| Untracked 
|  91|0x00000000e5b00000, 0x00000000e5c00000, 0x00000000e5c00000|100%| O|  |TAMS 0x00000000e5b00000| PB 0x00000000e5b00000| Untracked 
|  92|0x00000000e5c00000, 0x00000000e5d00000, 0x00000000e5d00000|100%| O|  |TAMS 0x00000000e5c00000| PB 0x00000000e5c00000| Untracked 
|  93|0x00000000e5d00000, 0x00000000e5e00000, 0x00000000e5e00000|100%| O|  |TAMS 0x00000000e5d00000| PB 0x00000000e5d00000| Untracked 
|  94|0x00000000e5e00000, 0x00000000e5f00000, 0x00000000e5f00000|100%| O|  |TAMS 0x00000000e5e00000| PB 0x00000000e5e00000| Untracked 
|  95|0x00000000e5f00000, 0x00000000e6000000, 0x00000000e6000000|100%| O|  |TAMS 0x00000000e5f00000| PB 0x00000000e5f00000| Untracked 
|  96|0x00000000e6000000, 0x00000000e6100000, 0x00000000e6100000|100%| O|  |TAMS 0x00000000e6000000| PB 0x00000000e6000000| Untracked 
|  97|0x00000000e6100000, 0x00000000e6200000, 0x00000000e6200000|100%| O|  |TAMS 0x00000000e6100000| PB 0x00000000e6100000| Untracked 
|  98|0x00000000e6200000, 0x00000000e6300000, 0x00000000e6300000|100%| O|  |TAMS 0x00000000e6200000| PB 0x00000000e6200000| Untracked 
|  99|0x00000000e6300000, 0x00000000e6400000, 0x00000000e6400000|100%| O|  |TAMS 0x00000000e6300000| PB 0x00000000e6300000| Untracked 
| 100|0x00000000e6400000, 0x00000000e6500000, 0x00000000e6500000|100%| O|  |TAMS 0x00000000e6400000| PB 0x00000000e6400000| Untracked 
| 101|0x00000000e6500000, 0x00000000e6600000, 0x00000000e6600000|100%| O|  |TAMS 0x00000000e6500000| PB 0x00000000e6500000| Untracked 
| 102|0x00000000e6600000, 0x00000000e6700000, 0x00000000e6700000|100%| O|  |TAMS 0x00000000e6600000| PB 0x00000000e6600000| Untracked 
| 103|0x00000000e6700000, 0x00000000e6726328, 0x00000000e6800000| 14%| O|  |TAMS 0x00000000e6700000| PB 0x00000000e6700000| Untracked 
| 104|0x00000000e6800000, 0x00000000e6900000, 0x00000000e6900000|100%| O|Cm|TAMS 0x00000000e6800000| PB 0x00000000e6800000| Complete 
| 105|0x00000000e6900000, 0x00000000e6900000, 0x00000000e6a00000|  0%| F|  |TAMS 0x00000000e6900000| PB 0x00000000e6900000| Untracked 
| 106|0x00000000e6a00000, 0x00000000e6a00000, 0x00000000e6b00000|  0%| F|  |TAMS 0x00000000e6a00000| PB 0x00000000e6a00000| Untracked 
| 107|0x00000000e6b00000, 0x00000000e6c00000, 0x00000000e6c00000|100%| O|  |TAMS 0x00000000e6b00000| PB 0x00000000e6b00000| Untracked 
| 108|0x00000000e6c00000, 0x00000000e6c00000, 0x00000000e6d00000|  0%| F|  |TAMS 0x00000000e6c00000| PB 0x00000000e6c00000| Untracked 
| 109|0x00000000e6d00000, 0x00000000e6d00000, 0x00000000e6e00000|  0%| F|  |TAMS 0x00000000e6d00000| PB 0x00000000e6d00000| Untracked 
| 110|0x00000000e6e00000, 0x00000000e6e00000, 0x00000000e6f00000|  0%| F|  |TAMS 0x00000000e6e00000| PB 0x00000000e6e00000| Untracked 
| 111|0x00000000e6f00000, 0x00000000e6f00000, 0x00000000e7000000|  0%| F|  |TAMS 0x00000000e6f00000| PB 0x00000000e6f00000| Untracked 
| 112|0x00000000e7000000, 0x00000000e7100000, 0x00000000e7100000|100%| O|Cm|TAMS 0x00000000e7000000| PB 0x00000000e7000000| Complete 
| 113|0x00000000e7100000, 0x00000000e7100000, 0x00000000e7200000|  0%| F|  |TAMS 0x00000000e7100000| PB 0x00000000e7100000| Untracked 
| 114|0x00000000e7200000, 0x00000000e7200000, 0x00000000e7300000|  0%| F|  |TAMS 0x00000000e7200000| PB 0x00000000e7200000| Untracked 
| 115|0x00000000e7300000, 0x00000000e7300000, 0x00000000e7400000|  0%| F|  |TAMS 0x00000000e7300000| PB 0x00000000e7300000| Untracked 
| 116|0x00000000e7400000, 0x00000000e7400000, 0x00000000e7500000|  0%| F|  |TAMS 0x00000000e7400000| PB 0x00000000e7400000| Untracked 
| 117|0x00000000e7500000, 0x00000000e7500000, 0x00000000e7600000|  0%| F|  |TAMS 0x00000000e7500000| PB 0x00000000e7500000| Untracked 
| 118|0x00000000e7600000, 0x00000000e7600000, 0x00000000e7700000|  0%| F|  |TAMS 0x00000000e7600000| PB 0x00000000e7600000| Untracked 
| 119|0x00000000e7700000, 0x00000000e7700000, 0x00000000e7800000|  0%| F|  |TAMS 0x00000000e7700000| PB 0x00000000e7700000| Untracked 
| 120|0x00000000e7800000, 0x00000000e7800000, 0x00000000e7900000|  0%| F|  |TAMS 0x00000000e7800000| PB 0x00000000e7800000| Untracked 
| 121|0x00000000e7900000, 0x00000000e7900000, 0x00000000e7a00000|  0%| F|  |TAMS 0x00000000e7900000| PB 0x00000000e7900000| Untracked 
| 122|0x00000000e7a00000, 0x00000000e7a4fb10, 0x00000000e7b00000| 31%| S|CS|TAMS 0x00000000e7a00000| PB 0x00000000e7a00000| Complete 
| 123|0x00000000e7b00000, 0x00000000e7c00000, 0x00000000e7c00000|100%| S|CS|TAMS 0x00000000e7b00000| PB 0x00000000e7b00000| Complete 
| 124|0x00000000e7c00000, 0x00000000e7d00000, 0x00000000e7d00000|100%| S|CS|TAMS 0x00000000e7c00000| PB 0x00000000e7c00000| Complete 
| 125|0x00000000e7d00000, 0x00000000e7e00000, 0x00000000e7e00000|100%| S|CS|TAMS 0x00000000e7d00000| PB 0x00000000e7d00000| Complete 
| 126|0x00000000e7e00000, 0x00000000e7f00000, 0x00000000e7f00000|100%| S|CS|TAMS 0x00000000e7e00000| PB 0x00000000e7e00000| Complete 
| 127|0x00000000e7f00000, 0x00000000e8000000, 0x00000000e8000000|100%| O|  |TAMS 0x00000000e7f00000| PB 0x00000000e7f00000| Untracked 
| 128|0x00000000e8000000, 0x00000000e8100000, 0x00000000e8100000|100%| S|CS|TAMS 0x00000000e8000000| PB 0x00000000e8000000| Complete 
| 129|0x00000000e8100000, 0x00000000e8200000, 0x00000000e8200000|100%| O|  |TAMS 0x00000000e8100000| PB 0x00000000e8100000| Untracked 
| 130|0x00000000e8200000, 0x00000000e8200000, 0x00000000e8300000|  0%| F|  |TAMS 0x00000000e8200000| PB 0x00000000e8200000| Untracked 
| 131|0x00000000e8300000, 0x00000000e8300000, 0x00000000e8400000|  0%| F|  |TAMS 0x00000000e8300000| PB 0x00000000e8300000| Untracked 
| 132|0x00000000e8400000, 0x00000000e8500000, 0x00000000e8500000|100%|HS|  |TAMS 0x00000000e8400000| PB 0x00000000e8400000| Complete 
| 133|0x00000000e8500000, 0x00000000e8600000, 0x00000000e8600000|100%| O|  |TAMS 0x00000000e8500000| PB 0x00000000e8500000| Untracked 
| 134|0x00000000e8600000, 0x00000000e8700000, 0x00000000e8700000|100%| O|  |TAMS 0x00000000e8600000| PB 0x00000000e8600000| Untracked 
| 135|0x00000000e8700000, 0x00000000e8800000, 0x00000000e8800000|100%| O|  |TAMS 0x00000000e8700000| PB 0x00000000e8700000| Untracked 
| 136|0x00000000e8800000, 0x00000000e8900000, 0x00000000e8900000|100%| S|CS|TAMS 0x00000000e8800000| PB 0x00000000e8800000| Complete 
| 137|0x00000000e8900000, 0x00000000e8a00000, 0x00000000e8a00000|100%| O|  |TAMS 0x00000000e8900000| PB 0x00000000e8900000| Untracked 
| 138|0x00000000e8a00000, 0x00000000e8a00000, 0x00000000e8b00000|  0%| F|  |TAMS 0x00000000e8a00000| PB 0x00000000e8a00000| Untracked 
| 139|0x00000000e8b00000, 0x00000000e8c00000, 0x00000000e8c00000|100%| O|  |TAMS 0x00000000e8b00000| PB 0x00000000e8b00000| Untracked 
| 140|0x00000000e8c00000, 0x00000000e8d00000, 0x00000000e8d00000|100%| S|CS|TAMS 0x00000000e8c00000| PB 0x00000000e8c00000| Complete 
| 141|0x00000000e8d00000, 0x00000000e8e00000, 0x00000000e8e00000|100%| O|  |TAMS 0x00000000e8d00000| PB 0x00000000e8d00000| Untracked 
| 142|0x00000000e8e00000, 0x00000000e8f00000, 0x00000000e8f00000|100%| O|  |TAMS 0x00000000e8e00000| PB 0x00000000e8e00000| Untracked 
| 143|0x00000000e8f00000, 0x00000000e9000000, 0x00000000e9000000|100%| O|  |TAMS 0x00000000e8f00000| PB 0x00000000e8f00000| Untracked 
| 144|0x00000000e9000000, 0x00000000e9100000, 0x00000000e9100000|100%| O|Cm|TAMS 0x00000000e9000000| PB 0x00000000e9000000| Complete 
| 145|0x00000000e9100000, 0x00000000e9100000, 0x00000000e9200000|  0%| F|  |TAMS 0x00000000e9100000| PB 0x00000000e9100000| Untracked 
| 146|0x00000000e9200000, 0x00000000e9300000, 0x00000000e9300000|100%| O|  |TAMS 0x00000000e9200000| PB 0x00000000e9200000| Untracked 
| 147|0x00000000e9300000, 0x00000000e9400000, 0x00000000e9400000|100%| O|  |TAMS 0x00000000e9300000| PB 0x00000000e9300000| Untracked 
| 148|0x00000000e9400000, 0x00000000e9400000, 0x00000000e9500000|  0%| F|  |TAMS 0x00000000e9400000| PB 0x00000000e9400000| Untracked 
| 149|0x00000000e9500000, 0x00000000e9600000, 0x00000000e9600000|100%| S|CS|TAMS 0x00000000e9500000| PB 0x00000000e9500000| Complete 
| 150|0x00000000e9600000, 0x00000000e9600000, 0x00000000e9700000|  0%| F|  |TAMS 0x00000000e9600000| PB 0x00000000e9600000| Untracked 
| 151|0x00000000e9700000, 0x00000000e9700000, 0x00000000e9800000|  0%| F|  |TAMS 0x00000000e9700000| PB 0x00000000e9700000| Untracked 
| 152|0x00000000e9800000, 0x00000000e9800000, 0x00000000e9900000|  0%| F|  |TAMS 0x00000000e9800000| PB 0x00000000e9800000| Untracked 
| 153|0x00000000e9900000, 0x00000000e9900000, 0x00000000e9a00000|  0%| F|  |TAMS 0x00000000e9900000| PB 0x00000000e9900000| Untracked 
| 154|0x00000000e9a00000, 0x00000000e9a00000, 0x00000000e9b00000|  0%| F|  |TAMS 0x00000000e9a00000| PB 0x00000000e9a00000| Untracked 
| 155|0x00000000e9b00000, 0x00000000e9b00000, 0x00000000e9c00000|  0%| F|  |TAMS 0x00000000e9b00000| PB 0x00000000e9b00000| Untracked 
| 156|0x00000000e9c00000, 0x00000000e9c00000, 0x00000000e9d00000|  0%| F|  |TAMS 0x00000000e9c00000| PB 0x00000000e9c00000| Untracked 
| 157|0x00000000e9d00000, 0x00000000e9d00000, 0x00000000e9e00000|  0%| F|  |TAMS 0x00000000e9d00000| PB 0x00000000e9d00000| Untracked 
| 158|0x00000000e9e00000, 0x00000000e9e00000, 0x00000000e9f00000|  0%| F|  |TAMS 0x00000000e9e00000| PB 0x00000000e9e00000| Untracked 
| 159|0x00000000e9f00000, 0x00000000e9f00000, 0x00000000ea000000|  0%| F|  |TAMS 0x00000000e9f00000| PB 0x00000000e9f00000| Untracked 
| 160|0x00000000ea000000, 0x00000000ea000000, 0x00000000ea100000|  0%| F|  |TAMS 0x00000000ea000000| PB 0x00000000ea000000| Untracked 
| 161|0x00000000ea100000, 0x00000000ea100000, 0x00000000ea200000|  0%| F|  |TAMS 0x00000000ea100000| PB 0x00000000ea100000| Untracked 
| 162|0x00000000ea200000, 0x00000000ea200000, 0x00000000ea300000|  0%| F|  |TAMS 0x00000000ea200000| PB 0x00000000ea200000| Untracked 
| 163|0x00000000ea300000, 0x00000000ea300000, 0x00000000ea400000|  0%| F|  |TAMS 0x00000000ea300000| PB 0x00000000ea300000| Untracked 
| 164|0x00000000ea400000, 0x00000000ea400000, 0x00000000ea500000|  0%| F|  |TAMS 0x00000000ea400000| PB 0x00000000ea400000| Untracked 
| 165|0x00000000ea500000, 0x00000000ea500000, 0x00000000ea600000|  0%| F|  |TAMS 0x00000000ea500000| PB 0x00000000ea500000| Untracked 
| 166|0x00000000ea600000, 0x00000000ea600000, 0x00000000ea700000|  0%| F|  |TAMS 0x00000000ea600000| PB 0x00000000ea600000| Untracked 
| 167|0x00000000ea700000, 0x00000000ea700000, 0x00000000ea800000|  0%| F|  |TAMS 0x00000000ea700000| PB 0x00000000ea700000| Untracked 
| 168|0x00000000ea800000, 0x00000000ea800000, 0x00000000ea900000|  0%| F|  |TAMS 0x00000000ea800000| PB 0x00000000ea800000| Untracked 
| 169|0x00000000ea900000, 0x00000000ea900000, 0x00000000eaa00000|  0%| F|  |TAMS 0x00000000ea900000| PB 0x00000000ea900000| Untracked 
| 170|0x00000000eaa00000, 0x00000000eaa00000, 0x00000000eab00000|  0%| F|  |TAMS 0x00000000eaa00000| PB 0x00000000eaa00000| Untracked 
| 171|0x00000000eab00000, 0x00000000eab00000, 0x00000000eac00000|  0%| F|  |TAMS 0x00000000eab00000| PB 0x00000000eab00000| Untracked 
| 172|0x00000000eac00000, 0x00000000ead00000, 0x00000000ead00000|100%| O|  |TAMS 0x00000000eac00000| PB 0x00000000eac00000| Untracked 
| 173|0x00000000ead00000, 0x00000000ead00000, 0x00000000eae00000|  0%| F|  |TAMS 0x00000000ead00000| PB 0x00000000ead00000| Untracked 
| 174|0x00000000eae00000, 0x00000000eae00000, 0x00000000eaf00000|  0%| F|  |TAMS 0x00000000eae00000| PB 0x00000000eae00000| Untracked 
| 175|0x00000000eaf00000, 0x00000000eaf00000, 0x00000000eb000000|  0%| F|  |TAMS 0x00000000eaf00000| PB 0x00000000eaf00000| Untracked 
| 176|0x00000000eb000000, 0x00000000eb000000, 0x00000000eb100000|  0%| F|  |TAMS 0x00000000eb000000| PB 0x00000000eb000000| Untracked 
| 177|0x00000000eb100000, 0x00000000eb100000, 0x00000000eb200000|  0%| F|  |TAMS 0x00000000eb100000| PB 0x00000000eb100000| Untracked 
| 178|0x00000000eb200000, 0x00000000eb200000, 0x00000000eb300000|  0%| F|  |TAMS 0x00000000eb200000| PB 0x00000000eb200000| Untracked 
| 179|0x00000000eb300000, 0x00000000eb300000, 0x00000000eb400000|  0%| F|  |TAMS 0x00000000eb300000| PB 0x00000000eb300000| Untracked 
| 180|0x00000000eb400000, 0x00000000eb400000, 0x00000000eb500000|  0%| F|  |TAMS 0x00000000eb400000| PB 0x00000000eb400000| Untracked 
| 181|0x00000000eb500000, 0x00000000eb500000, 0x00000000eb600000|  0%| F|  |TAMS 0x00000000eb500000| PB 0x00000000eb500000| Untracked 
| 182|0x00000000eb600000, 0x00000000eb600000, 0x00000000eb700000|  0%| F|  |TAMS 0x00000000eb600000| PB 0x00000000eb600000| Untracked 
| 183|0x00000000eb700000, 0x00000000eb700000, 0x00000000eb800000|  0%| F|  |TAMS 0x00000000eb700000| PB 0x00000000eb700000| Untracked 
| 184|0x00000000eb800000, 0x00000000eb800000, 0x00000000eb900000|  0%| F|  |TAMS 0x00000000eb800000| PB 0x00000000eb800000| Untracked 
| 185|0x00000000eb900000, 0x00000000eb900000, 0x00000000eba00000|  0%| F|  |TAMS 0x00000000eb900000| PB 0x00000000eb900000| Untracked 
| 186|0x00000000eba00000, 0x00000000eba00000, 0x00000000ebb00000|  0%| F|  |TAMS 0x00000000eba00000| PB 0x00000000eba00000| Untracked 
| 187|0x00000000ebb00000, 0x00000000ebc00000, 0x00000000ebc00000|100%| E|  |TAMS 0x00000000ebb00000| PB 0x00000000ebb00000| Complete 
| 188|0x00000000ebc00000, 0x00000000ebd00000, 0x00000000ebd00000|100%| E|CS|TAMS 0x00000000ebc00000| PB 0x00000000ebc00000| Complete 
| 189|0x00000000ebd00000, 0x00000000ebe00000, 0x00000000ebe00000|100%| E|CS|TAMS 0x00000000ebd00000| PB 0x00000000ebd00000| Complete 
| 190|0x00000000ebe00000, 0x00000000ebf00000, 0x00000000ebf00000|100%| E|CS|TAMS 0x00000000ebe00000| PB 0x00000000ebe00000| Complete 
| 191|0x00000000ebf00000, 0x00000000ec000000, 0x00000000ec000000|100%| E|CS|TAMS 0x00000000ebf00000| PB 0x00000000ebf00000| Complete 
| 192|0x00000000ec000000, 0x00000000ec100000, 0x00000000ec100000|100%| E|CS|TAMS 0x00000000ec000000| PB 0x00000000ec000000| Complete 
| 193|0x00000000ec100000, 0x00000000ec200000, 0x00000000ec200000|100%| E|CS|TAMS 0x00000000ec100000| PB 0x00000000ec100000| Complete 
| 194|0x00000000ec200000, 0x00000000ec300000, 0x00000000ec300000|100%| E|CS|TAMS 0x00000000ec200000| PB 0x00000000ec200000| Complete 
| 195|0x00000000ec300000, 0x00000000ec400000, 0x00000000ec400000|100%| E|CS|TAMS 0x00000000ec300000| PB 0x00000000ec300000| Complete 
| 196|0x00000000ec400000, 0x00000000ec500000, 0x00000000ec500000|100%| E|CS|TAMS 0x00000000ec400000| PB 0x00000000ec400000| Complete 
| 197|0x00000000ec500000, 0x00000000ec600000, 0x00000000ec600000|100%| E|CS|TAMS 0x00000000ec500000| PB 0x00000000ec500000| Complete 
| 198|0x00000000ec600000, 0x00000000ec700000, 0x00000000ec700000|100%| E|CS|TAMS 0x00000000ec600000| PB 0x00000000ec600000| Complete 
| 199|0x00000000ec700000, 0x00000000ec800000, 0x00000000ec800000|100%| E|CS|TAMS 0x00000000ec700000| PB 0x00000000ec700000| Complete 
| 200|0x00000000ec800000, 0x00000000ec900000, 0x00000000ec900000|100%| E|CS|TAMS 0x00000000ec800000| PB 0x00000000ec800000| Complete 
| 201|0x00000000ec900000, 0x00000000eca00000, 0x00000000eca00000|100%| E|CS|TAMS 0x00000000ec900000| PB 0x00000000ec900000| Complete 
| 202|0x00000000eca00000, 0x00000000ecb00000, 0x00000000ecb00000|100%| E|CS|TAMS 0x00000000eca00000| PB 0x00000000eca00000| Complete 
| 203|0x00000000ecb00000, 0x00000000ecc00000, 0x00000000ecc00000|100%| E|CS|TAMS 0x00000000ecb00000| PB 0x00000000ecb00000| Complete 
| 204|0x00000000ecc00000, 0x00000000ecd00000, 0x00000000ecd00000|100%| E|CS|TAMS 0x00000000ecc00000| PB 0x00000000ecc00000| Complete 
| 205|0x00000000ecd00000, 0x00000000ece00000, 0x00000000ece00000|100%| E|CS|TAMS 0x00000000ecd00000| PB 0x00000000ecd00000| Complete 
| 206|0x00000000ece00000, 0x00000000ecf00000, 0x00000000ecf00000|100%| E|CS|TAMS 0x00000000ece00000| PB 0x00000000ece00000| Complete 
| 207|0x00000000ecf00000, 0x00000000ed000000, 0x00000000ed000000|100%| E|CS|TAMS 0x00000000ecf00000| PB 0x00000000ecf00000| Complete 
| 208|0x00000000ed000000, 0x00000000ed100000, 0x00000000ed100000|100%| E|CS|TAMS 0x00000000ed000000| PB 0x00000000ed000000| Complete 
| 209|0x00000000ed100000, 0x00000000ed200000, 0x00000000ed200000|100%| E|CS|TAMS 0x00000000ed100000| PB 0x00000000ed100000| Complete 
| 210|0x00000000ed200000, 0x00000000ed300000, 0x00000000ed300000|100%| E|CS|TAMS 0x00000000ed200000| PB 0x00000000ed200000| Complete 
| 211|0x00000000ed300000, 0x00000000ed400000, 0x00000000ed400000|100%| E|CS|TAMS 0x00000000ed300000| PB 0x00000000ed300000| Complete 
| 212|0x00000000ed400000, 0x00000000ed500000, 0x00000000ed500000|100%| E|CS|TAMS 0x00000000ed400000| PB 0x00000000ed400000| Complete 
| 213|0x00000000ed500000, 0x00000000ed600000, 0x00000000ed600000|100%| E|CS|TAMS 0x00000000ed500000| PB 0x00000000ed500000| Complete 
| 214|0x00000000ed600000, 0x00000000ed700000, 0x00000000ed700000|100%| E|CS|TAMS 0x00000000ed600000| PB 0x00000000ed600000| Complete 
| 215|0x00000000ed700000, 0x00000000ed800000, 0x00000000ed800000|100%| E|CS|TAMS 0x00000000ed700000| PB 0x00000000ed700000| Complete 
| 216|0x00000000ed800000, 0x00000000ed900000, 0x00000000ed900000|100%| E|CS|TAMS 0x00000000ed800000| PB 0x00000000ed800000| Complete 
| 217|0x00000000ed900000, 0x00000000eda00000, 0x00000000eda00000|100%| E|CS|TAMS 0x00000000ed900000| PB 0x00000000ed900000| Complete 
| 218|0x00000000eda00000, 0x00000000edb00000, 0x00000000edb00000|100%| E|CS|TAMS 0x00000000eda00000| PB 0x00000000eda00000| Complete 
| 219|0x00000000edb00000, 0x00000000edc00000, 0x00000000edc00000|100%| E|CS|TAMS 0x00000000edb00000| PB 0x00000000edb00000| Complete 
| 220|0x00000000edc00000, 0x00000000edd00000, 0x00000000edd00000|100%| E|CS|TAMS 0x00000000edc00000| PB 0x00000000edc00000| Complete 
| 221|0x00000000edd00000, 0x00000000ede00000, 0x00000000ede00000|100%| E|CS|TAMS 0x00000000edd00000| PB 0x00000000edd00000| Complete 
| 222|0x00000000ede00000, 0x00000000edf00000, 0x00000000edf00000|100%| E|CS|TAMS 0x00000000ede00000| PB 0x00000000ede00000| Complete 
| 223|0x00000000edf00000, 0x00000000ee000000, 0x00000000ee000000|100%| E|CS|TAMS 0x00000000edf00000| PB 0x00000000edf00000| Complete 
| 224|0x00000000ee000000, 0x00000000ee100000, 0x00000000ee100000|100%| E|CS|TAMS 0x00000000ee000000| PB 0x00000000ee000000| Complete 
| 225|0x00000000ee100000, 0x00000000ee200000, 0x00000000ee200000|100%| E|CS|TAMS 0x00000000ee100000| PB 0x00000000ee100000| Complete 
| 226|0x00000000ee200000, 0x00000000ee300000, 0x00000000ee300000|100%| E|CS|TAMS 0x00000000ee200000| PB 0x00000000ee200000| Complete 
| 227|0x00000000ee300000, 0x00000000ee400000, 0x00000000ee400000|100%| E|CS|TAMS 0x00000000ee300000| PB 0x00000000ee300000| Complete 
| 228|0x00000000ee400000, 0x00000000ee500000, 0x00000000ee500000|100%| E|CS|TAMS 0x00000000ee400000| PB 0x00000000ee400000| Complete 
| 229|0x00000000ee500000, 0x00000000ee600000, 0x00000000ee600000|100%| E|CS|TAMS 0x00000000ee500000| PB 0x00000000ee500000| Complete 
| 230|0x00000000ee600000, 0x00000000ee700000, 0x00000000ee700000|100%| E|CS|TAMS 0x00000000ee600000| PB 0x00000000ee600000| Complete 
| 231|0x00000000ee700000, 0x00000000ee800000, 0x00000000ee800000|100%| E|CS|TAMS 0x00000000ee700000| PB 0x00000000ee700000| Complete 
| 232|0x00000000ee800000, 0x00000000ee900000, 0x00000000ee900000|100%| E|CS|TAMS 0x00000000ee800000| PB 0x00000000ee800000| Complete 
| 233|0x00000000ee900000, 0x00000000eea00000, 0x00000000eea00000|100%| E|CS|TAMS 0x00000000ee900000| PB 0x00000000ee900000| Complete 
| 234|0x00000000eea00000, 0x00000000eeb00000, 0x00000000eeb00000|100%| E|CS|TAMS 0x00000000eea00000| PB 0x00000000eea00000| Complete 
| 235|0x00000000eeb00000, 0x00000000eec00000, 0x00000000eec00000|100%| E|CS|TAMS 0x00000000eeb00000| PB 0x00000000eeb00000| Complete 
| 236|0x00000000eec00000, 0x00000000eed00000, 0x00000000eed00000|100%| E|CS|TAMS 0x00000000eec00000| PB 0x00000000eec00000| Complete 
| 237|0x00000000eed00000, 0x00000000eee00000, 0x00000000eee00000|100%| E|CS|TAMS 0x00000000eed00000| PB 0x00000000eed00000| Complete 
| 238|0x00000000eee00000, 0x00000000eef00000, 0x00000000eef00000|100%| E|CS|TAMS 0x00000000eee00000| PB 0x00000000eee00000| Complete 
| 239|0x00000000eef00000, 0x00000000ef000000, 0x00000000ef000000|100%| E|CS|TAMS 0x00000000eef00000| PB 0x00000000eef00000| Complete 
| 240|0x00000000ef000000, 0x00000000ef100000, 0x00000000ef100000|100%| E|CS|TAMS 0x00000000ef000000| PB 0x00000000ef000000| Complete 
| 241|0x00000000ef100000, 0x00000000ef200000, 0x00000000ef200000|100%| E|CS|TAMS 0x00000000ef100000| PB 0x00000000ef100000| Complete 
| 242|0x00000000ef200000, 0x00000000ef300000, 0x00000000ef300000|100%| E|CS|TAMS 0x00000000ef200000| PB 0x00000000ef200000| Complete 
| 243|0x00000000ef300000, 0x00000000ef400000, 0x00000000ef400000|100%| E|CS|TAMS 0x00000000ef300000| PB 0x00000000ef300000| Complete 
| 244|0x00000000ef400000, 0x00000000ef500000, 0x00000000ef500000|100%| E|CS|TAMS 0x00000000ef400000| PB 0x00000000ef400000| Complete 
| 245|0x00000000ef500000, 0x00000000ef600000, 0x00000000ef600000|100%| E|CS|TAMS 0x00000000ef500000| PB 0x00000000ef500000| Complete 
| 246|0x00000000ef600000, 0x00000000ef700000, 0x00000000ef700000|100%| E|CS|TAMS 0x00000000ef600000| PB 0x00000000ef600000| Complete 
| 247|0x00000000ef700000, 0x00000000ef800000, 0x00000000ef800000|100%| E|CS|TAMS 0x00000000ef700000| PB 0x00000000ef700000| Complete 
| 248|0x00000000ef800000, 0x00000000ef900000, 0x00000000ef900000|100%| E|CS|TAMS 0x00000000ef800000| PB 0x00000000ef800000| Complete 
| 249|0x00000000ef900000, 0x00000000efa00000, 0x00000000efa00000|100%| E|CS|TAMS 0x00000000ef900000| PB 0x00000000ef900000| Complete 
| 250|0x00000000efa00000, 0x00000000efb00000, 0x00000000efb00000|100%| E|CS|TAMS 0x00000000efa00000| PB 0x00000000efa00000| Complete 
| 251|0x00000000efb00000, 0x00000000efc00000, 0x00000000efc00000|100%| E|CS|TAMS 0x00000000efb00000| PB 0x00000000efb00000| Complete 
| 252|0x00000000efc00000, 0x00000000efd00000, 0x00000000efd00000|100%| E|CS|TAMS 0x00000000efc00000| PB 0x00000000efc00000| Complete 
| 253|0x00000000efd00000, 0x00000000efe00000, 0x00000000efe00000|100%| E|CS|TAMS 0x00000000efd00000| PB 0x00000000efd00000| Complete 
| 254|0x00000000efe00000, 0x00000000eff00000, 0x00000000eff00000|100%| E|CS|TAMS 0x00000000efe00000| PB 0x00000000efe00000| Complete 
| 255|0x00000000eff00000, 0x00000000f0000000, 0x00000000f0000000|100%| E|CS|TAMS 0x00000000eff00000| PB 0x00000000eff00000| Complete 
| 256|0x00000000f0000000, 0x00000000f0100000, 0x00000000f0100000|100%| E|CS|TAMS 0x00000000f0000000| PB 0x00000000f0000000| Complete 
| 257|0x00000000f0100000, 0x00000000f0200000, 0x00000000f0200000|100%| E|CS|TAMS 0x00000000f0100000| PB 0x00000000f0100000| Complete 
| 258|0x00000000f0200000, 0x00000000f0300000, 0x00000000f0300000|100%| E|CS|TAMS 0x00000000f0200000| PB 0x00000000f0200000| Complete 
| 259|0x00000000f0300000, 0x00000000f0400000, 0x00000000f0400000|100%| E|CS|TAMS 0x00000000f0300000| PB 0x00000000f0300000| Complete 
| 260|0x00000000f0400000, 0x00000000f0500000, 0x00000000f0500000|100%| E|CS|TAMS 0x00000000f0400000| PB 0x00000000f0400000| Complete 
| 261|0x00000000f0500000, 0x00000000f0600000, 0x00000000f0600000|100%| E|CS|TAMS 0x00000000f0500000| PB 0x00000000f0500000| Complete 
| 262|0x00000000f0600000, 0x00000000f0700000, 0x00000000f0700000|100%| E|CS|TAMS 0x00000000f0600000| PB 0x00000000f0600000| Complete 
| 263|0x00000000f0700000, 0x00000000f0800000, 0x00000000f0800000|100%| E|CS|TAMS 0x00000000f0700000| PB 0x00000000f0700000| Complete 
| 264|0x00000000f0800000, 0x00000000f0900000, 0x00000000f0900000|100%| E|CS|TAMS 0x00000000f0800000| PB 0x00000000f0800000| Complete 
| 265|0x00000000f0900000, 0x00000000f0a00000, 0x00000000f0a00000|100%| E|CS|TAMS 0x00000000f0900000| PB 0x00000000f0900000| Complete 
| 266|0x00000000f0a00000, 0x00000000f0b00000, 0x00000000f0b00000|100%| E|CS|TAMS 0x00000000f0a00000| PB 0x00000000f0a00000| Complete 
| 267|0x00000000f0b00000, 0x00000000f0c00000, 0x00000000f0c00000|100%| E|CS|TAMS 0x00000000f0b00000| PB 0x00000000f0b00000| Complete 
| 268|0x00000000f0c00000, 0x00000000f0d00000, 0x00000000f0d00000|100%| E|CS|TAMS 0x00000000f0c00000| PB 0x00000000f0c00000| Complete 
| 269|0x00000000f0d00000, 0x00000000f0e00000, 0x00000000f0e00000|100%| E|CS|TAMS 0x00000000f0d00000| PB 0x00000000f0d00000| Complete 
| 498|0x00000000ff200000, 0x00000000ff300000, 0x00000000ff300000|100%| E|CS|TAMS 0x00000000ff200000| PB 0x00000000ff200000| Complete 
| 499|0x00000000ff300000, 0x00000000ff400000, 0x00000000ff400000|100%| E|CS|TAMS 0x00000000ff300000| PB 0x00000000ff300000| Complete 
| 500|0x00000000ff400000, 0x00000000ff500000, 0x00000000ff500000|100%| O|  |TAMS 0x00000000ff400000| PB 0x00000000ff400000| Untracked 
| 501|0x00000000ff500000, 0x00000000ff600000, 0x00000000ff600000|100%| O|  |TAMS 0x00000000ff500000| PB 0x00000000ff500000| Untracked 
| 502|0x00000000ff600000, 0x00000000ff700000, 0x00000000ff700000|100%| O|  |TAMS 0x00000000ff600000| PB 0x00000000ff600000| Untracked 
| 503|0x00000000ff700000, 0x00000000ff800000, 0x00000000ff800000|100%| O|  |TAMS 0x00000000ff700000| PB 0x00000000ff700000| Untracked 
| 504|0x00000000ff800000, 0x00000000ff900000, 0x00000000ff900000|100%| O|  |TAMS 0x00000000ff800000| PB 0x00000000ff800000| Untracked 
| 505|0x00000000ff900000, 0x00000000ffa00000, 0x00000000ffa00000|100%| O|  |TAMS 0x00000000ff900000| PB 0x00000000ff900000| Untracked 
| 506|0x00000000ffa00000, 0x00000000ffb00000, 0x00000000ffb00000|100%| O|  |TAMS 0x00000000ffa00000| PB 0x00000000ffa00000| Untracked 
| 507|0x00000000ffb00000, 0x00000000ffc00000, 0x00000000ffc00000|100%| O|  |TAMS 0x00000000ffb00000| PB 0x00000000ffb00000| Untracked 
| 508|0x00000000ffc00000, 0x00000000ffd00000, 0x00000000ffd00000|100%| O|  |TAMS 0x00000000ffc00000| PB 0x00000000ffc00000| Untracked 
| 509|0x00000000ffd00000, 0x00000000ffe00000, 0x00000000ffe00000|100%| O|  |TAMS 0x00000000ffd00000| PB 0x00000000ffd00000| Untracked 
| 510|0x00000000ffe00000, 0x00000000fff00000, 0x00000000fff00000|100%| O|  |TAMS 0x00000000ffe00000| PB 0x00000000ffe00000| Untracked 
| 511|0x00000000fff00000, 0x0000000100000000, 0x0000000100000000|100%| O|  |TAMS 0x00000000fff00000| PB 0x00000000fff00000| Untracked 

Card table byte_map: [0x000001fd212d0000,0x000001fd213d0000] _byte_map_base: 0x000001fd20bd0000

Marking Bits: (CMBitMap*) 0x000001fd06768260
 Bits: [0x000001fd213d0000, 0x000001fd21bd0000)

Polling page: 0x000001fd06800000

Metaspace:

Usage:
  Non-class:     47.29 MB used.
      Class:      7.59 MB used.
       Both:     54.88 MB used.

Virtual space:
  Non-class space:       64.00 MB reserved,      48.19 MB ( 75%) committed,  1 nodes.
      Class space:      320.00 MB reserved,       8.50 MB (  3%) committed,  1 nodes.
             Both:      384.00 MB reserved,      56.69 MB ( 15%) committed. 

Chunk freelists:
   Non-Class:  15.88 MB
       Class:  7.36 MB
        Both:  23.24 MB

MaxMetaspaceSize: 384.00 MB
CompressedClassSpaceSize: 320.00 MB
Initial GC threshold: 21.00 MB
Current GC threshold: 94.50 MB
CDS: on
 - commit_granule_bytes: 65536.
 - commit_granule_words: 8192.
 - virtual_space_node_default_size: 8388608.
 - enlarge_chunks_in_place: 1.
 - use_allocation_guard: 0.


Internal statistics:

num_allocs_failed_limit: 12.
num_arena_births: 3190.
num_arena_deaths: 8.
num_vsnodes_births: 2.
num_vsnodes_deaths: 0.
num_space_committed: 907.
num_space_uncommitted: 0.
num_chunks_returned_to_freelist: 25.
num_chunks_taken_from_freelist: 5897.
num_chunk_merges: 12.
num_chunk_splits: 3784.
num_chunks_enlarged: 2291.
num_inconsistent_stats: 0.

CodeHeap 'non-profiled nmethods': size=120000Kb used=5012Kb max_used=5806Kb free=114987Kb
 bounds [0x000001fd19220000, 0x000001fd197f0000, 0x000001fd20750000]
CodeHeap 'profiled nmethods': size=120000Kb used=13196Kb max_used=17000Kb free=106804Kb
 bounds [0x000001fd11750000, 0x000001fd12840000, 0x000001fd18c80000]
CodeHeap 'non-nmethods': size=5760Kb used=2250Kb max_used=2331Kb free=3509Kb
 bounds [0x000001fd18c80000, 0x000001fd18ef0000, 0x000001fd19220000]
 total_blobs=8055 nmethods=7280 adapters=679
 compilation: enabled
              stopped_count=0, restarted_count=0
 full_count=0

Compilation events (20 events):
Event: 34.369 Thread 0x000001fd247a7500 9325       2       org.gradle.internal.lazy.UnsafeLazy::get (30 bytes)
Event: 34.369 Thread 0x000001fd247a7500 nmethod 9325 0x000001fd1187d890 code [0x000001fd1187da40, 0x000001fd1187dc08]
Event: 34.373 Thread 0x000001fd247a7500 9327 %     2       org.objectweb.asm.ClassReader::readMethod @ 103 (1070 bytes)
Event: 34.382 Thread 0x000001fd247a7500 nmethod 9327% 0x000001fd12210010 code [0x000001fd122105e0, 0x000001fd122132b0]
Event: 34.382 Thread 0x000001fd247a7500 9328       2       org.gradle.internal.classpath.generated.InterceptorDeclaration_ConfigCacheJvmBytecode::loadOwnerBinaryClassName (9 bytes)
Event: 34.383 Thread 0x000001fd247a7500 nmethod 9328 0x000001fd11812b90 code [0x000001fd11812d60, 0x000001fd11812ee8]
Event: 34.383 Thread 0x000001fd247a7500 9329       2       org.gradle.internal.classpath.generated.InterceptorDeclaration_ConfigCacheJvmBytecode::binaryClassNameOf (8 bytes)
Event: 34.383 Thread 0x000001fd247a7500 nmethod 9329 0x000001fd118fe590 code [0x000001fd118fe740, 0x000001fd118fe868]
Event: 34.550 Thread 0x000001fd247a7500 9332       3       org.objectweb.asm.ClassVisitor::visitTypeAnnotation (41 bytes)
Event: 34.551 Thread 0x000001fd247a7500 nmethod 9332 0x000001fd11bc2890 code [0x000001fd11bc2a60, 0x000001fd11bc2dc0]
Event: 34.599 Thread 0x000001fd247a7500 9333       2       org.objectweb.asm.MethodVisitor::visitLocalVariableAnnotation (47 bytes)
Event: 34.600 Thread 0x000001fd247a7500 nmethod 9333 0x000001fd11754a90 code [0x000001fd11754c60, 0x000001fd11754ec0]
Event: 34.800 Thread 0x000001fd247a7500 9336       2       java.util.HashMap::values (25 bytes)
Event: 34.800 Thread 0x000001fd247a7500 nmethod 9336 0x000001fd1186be10 code [0x000001fd1186bfc0, 0x000001fd1186c1f0]
Event: 34.848 Thread 0x000001fd247a7500 9337 %     3       jdk.internal.util.ArraysSupport::utf16hashCode @ 8 (40 bytes)
Event: 34.849 Thread 0x000001fd247a7500 nmethod 9337% 0x000001fd11772e90 code [0x000001fd11773040, 0x000001fd117732f0]
Event: 34.849 Thread 0x000001fd247a7500 9339       3       jdk.internal.util.ArraysSupport::utf16hashCode (40 bytes)
Event: 34.849 Thread 0x000001fd247a7500 nmethod 9339 0x000001fd117c5590 code [0x000001fd117c5740, 0x000001fd117c5958]
Event: 34.887 Thread 0x000001fd247a7500 9340       2       org.objectweb.asm.tree.FieldNode::visitEnd (1 bytes)
Event: 34.887 Thread 0x000001fd247a7500 nmethod 9340 0x000001fd11769b10 code [0x000001fd11769ca0, 0x000001fd11769da8]

GC Heap History (20 events):
Event: 23.934 GC heap before
{Heap before GC invocations=24 (full 0):
 garbage-first heap   total 281600K, used 197120K [0x00000000e0000000, 0x0000000100000000)
  region size 1024K, 66 young (67584K), 17 survivors (17408K)
 Metaspace       used 56214K, committed 58048K, reserved 393216K
  class space    used 7780K, committed 8704K, reserved 327680K
}
Event: 23.962 GC heap after
{Heap after GC invocations=25 (full 0):
 garbage-first heap   total 281600K, used 158112K [0x00000000e0000000, 0x0000000100000000)
  region size 1024K, 9 young (9216K), 9 survivors (9216K)
 Metaspace       used 56214K, committed 58048K, reserved 393216K
  class space    used 7780K, committed 8704K, reserved 327680K
}
Event: 24.486 GC heap before
{Heap before GC invocations=26 (full 0):
 garbage-first heap   total 290816K, used 249248K [0x00000000e0000000, 0x0000000100000000)
  region size 1024K, 101 young (103424K), 9 survivors (9216K)
 Metaspace       used 56177K, committed 58048K, reserved 393216K
  class space    used 7766K, committed 8704K, reserved 327680K
}
Event: 24.521 GC heap after
{Heap after GC invocations=27 (full 0):
 garbage-first heap   total 290816K, used 176577K [0x00000000e0000000, 0x0000000100000000)
  region size 1024K, 13 young (13312K), 13 survivors (13312K)
 Metaspace       used 56177K, committed 58048K, reserved 393216K
  class space    used 7766K, committed 8704K, reserved 327680K
}
Event: 24.940 GC heap before
{Heap before GC invocations=27 (full 0):
 garbage-first heap   total 290816K, used 255425K [0x00000000e0000000, 0x0000000100000000)
  region size 1024K, 90 young (92160K), 13 survivors (13312K)
 Metaspace       used 56177K, committed 58048K, reserved 393216K
  class space    used 7766K, committed 8704K, reserved 327680K
}
Event: 24.966 GC heap after
{Heap after GC invocations=28 (full 0):
 garbage-first heap   total 290816K, used 175450K [0x00000000e0000000, 0x0000000100000000)
  region size 1024K, 3 young (3072K), 3 survivors (3072K)
 Metaspace       used 56177K, committed 58048K, reserved 393216K
  class space    used 7766K, committed 8704K, reserved 327680K
}
Event: 26.142 GC heap before
{Heap before GC invocations=28 (full 0):
 garbage-first heap   total 290816K, used 259418K [0x00000000e0000000, 0x0000000100000000)
  region size 1024K, 86 young (88064K), 3 survivors (3072K)
 Metaspace       used 56179K, committed 58048K, reserved 393216K
  class space    used 7766K, committed 8704K, reserved 327680K
}
Event: 26.144 GC heap after
{Heap after GC invocations=29 (full 0):
 garbage-first heap   total 290816K, used 174384K [0x00000000e0000000, 0x0000000100000000)
  region size 1024K, 2 young (2048K), 2 survivors (2048K)
 Metaspace       used 56179K, committed 58048K, reserved 393216K
  class space    used 7766K, committed 8704K, reserved 327680K
}
Event: 27.325 GC heap before
{Heap before GC invocations=30 (full 0):
 garbage-first heap   total 290816K, used 249136K [0x00000000e0000000, 0x0000000100000000)
  region size 1024K, 90 young (92160K), 2 survivors (2048K)
 Metaspace       used 56179K, committed 58048K, reserved 393216K
  class space    used 7766K, committed 8704K, reserved 327680K
}
Event: 27.331 GC heap after
{Heap after GC invocations=31 (full 0):
 garbage-first heap   total 290816K, used 159809K [0x00000000e0000000, 0x0000000100000000)
  region size 1024K, 3 young (3072K), 3 survivors (3072K)
 Metaspace       used 56179K, committed 58048K, reserved 393216K
  class space    used 7766K, committed 8704K, reserved 327680K
}
Event: 28.627 GC heap before
{Heap before GC invocations=31 (full 0):
 garbage-first heap   total 290816K, used 264257K [0x00000000e0000000, 0x0000000100000000)
  region size 1024K, 105 young (107520K), 3 survivors (3072K)
 Metaspace       used 56184K, committed 58048K, reserved 393216K
  class space    used 7768K, committed 8704K, reserved 327680K
}
Event: 28.643 GC heap after
{Heap after GC invocations=32 (full 0):
 garbage-first heap   total 290816K, used 143172K [0x00000000e0000000, 0x0000000100000000)
  region size 1024K, 4 young (4096K), 4 survivors (4096K)
 Metaspace       used 56184K, committed 58048K, reserved 393216K
  class space    used 7768K, committed 8704K, reserved 327680K
}
Event: 29.829 GC heap before
{Heap before GC invocations=32 (full 0):
 garbage-first heap   total 290816K, used 262980K [0x00000000e0000000, 0x0000000100000000)
  region size 1024K, 121 young (123904K), 4 survivors (4096K)
 Metaspace       used 56184K, committed 58048K, reserved 393216K
  class space    used 7768K, committed 8704K, reserved 327680K
}
Event: 29.838 GC heap after
{Heap after GC invocations=33 (full 0):
 garbage-first heap   total 290816K, used 144192K [0x00000000e0000000, 0x0000000100000000)
  region size 1024K, 5 young (5120K), 5 survivors (5120K)
 Metaspace       used 56184K, committed 58048K, reserved 393216K
  class space    used 7768K, committed 8704K, reserved 327680K
}
Event: 30.883 GC heap before
{Heap before GC invocations=34 (full 0):
 garbage-first heap   total 290816K, used 267072K [0x00000000e0000000, 0x0000000100000000)
  region size 1024K, 125 young (128000K), 5 survivors (5120K)
 Metaspace       used 56189K, committed 58048K, reserved 393216K
  class space    used 7768K, committed 8704K, reserved 327680K
}
Event: 30.893 GC heap after
{Heap after GC invocations=35 (full 0):
 garbage-first heap   total 290816K, used 146081K [0x00000000e0000000, 0x0000000100000000)
  region size 1024K, 7 young (7168K), 7 survivors (7168K)
 Metaspace       used 56189K, committed 58048K, reserved 393216K
  class space    used 7768K, committed 8704K, reserved 327680K
}
Event: 32.782 GC heap before
{Heap before GC invocations=35 (full 0):
 garbage-first heap   total 290816K, used 266913K [0x00000000e0000000, 0x0000000100000000)
  region size 1024K, 125 young (128000K), 7 survivors (7168K)
 Metaspace       used 56190K, committed 58048K, reserved 393216K
  class space    used 7768K, committed 8704K, reserved 327680K
}
Event: 32.796 GC heap after
{Heap after GC invocations=36 (full 0):
 garbage-first heap   total 290816K, used 143775K [0x00000000e0000000, 0x0000000100000000)
  region size 1024K, 8 young (8192K), 8 survivors (8192K)
 Metaspace       used 56190K, committed 58048K, reserved 393216K
  class space    used 7768K, committed 8704K, reserved 327680K
}
Event: 34.092 GC heap before
{Heap before GC invocations=36 (full 0):
 garbage-first heap   total 290816K, used 265631K [0x00000000e0000000, 0x0000000100000000)
  region size 1024K, 127 young (130048K), 8 survivors (8192K)
 Metaspace       used 56192K, committed 58048K, reserved 393216K
  class space    used 7768K, committed 8704K, reserved 327680K
}
Event: 34.103 GC heap after
{Heap after GC invocations=37 (full 0):
 garbage-first heap   total 290816K, used 144855K [0x00000000e0000000, 0x0000000100000000)
  region size 1024K, 9 young (9216K), 9 survivors (9216K)
 Metaspace       used 56192K, committed 58048K, reserved 393216K
  class space    used 7768K, committed 8704K, reserved 327680K
}

Dll operation events (15 events):
Event: 0.015 Loaded shared library C:\Program Files\Java\zulu21.34.19-ca-fx-jdk21.0.3-win_x64\bin\java.dll
Event: 0.051 Loaded shared library C:\Program Files\Java\zulu21.34.19-ca-fx-jdk21.0.3-win_x64\bin\jsvml.dll
Event: 0.129 Loaded shared library C:\Program Files\Java\zulu21.34.19-ca-fx-jdk21.0.3-win_x64\bin\zip.dll
Event: 0.138 Loaded shared library C:\Program Files\Java\zulu21.34.19-ca-fx-jdk21.0.3-win_x64\bin\instrument.dll
Event: 0.145 Loaded shared library C:\Program Files\Java\zulu21.34.19-ca-fx-jdk21.0.3-win_x64\bin\net.dll
Event: 0.149 Loaded shared library C:\Program Files\Java\zulu21.34.19-ca-fx-jdk21.0.3-win_x64\bin\nio.dll
Event: 0.157 Loaded shared library C:\Program Files\Java\zulu21.34.19-ca-fx-jdk21.0.3-win_x64\bin\zip.dll
Event: 0.369 Loaded shared library C:\Program Files\Java\zulu21.34.19-ca-fx-jdk21.0.3-win_x64\bin\jimage.dll
Event: 0.655 Loaded shared library C:\Program Files\Java\zulu21.34.19-ca-fx-jdk21.0.3-win_x64\bin\verify.dll
Event: 0.701 Loaded shared library C:\Users\gagan\.gradle\native\660c5614fbf4a5f2a75b1949f50a0caf5cd603558e7d8a26e50b933a0cfb79d1\windows-amd64\native-platform.dll
Event: 0.719 Loaded shared library C:\Users\gagan\.gradle\native\0.2.8\x86_64-windows-gnu\gradle-fileevents.dll
Event: 1.731 Loaded shared library C:\Program Files\Java\zulu21.34.19-ca-fx-jdk21.0.3-win_x64\bin\management.dll
Event: 1.739 Loaded shared library C:\Program Files\Java\zulu21.34.19-ca-fx-jdk21.0.3-win_x64\bin\management_ext.dll
Event: 1.924 Loaded shared library C:\Program Files\Java\zulu21.34.19-ca-fx-jdk21.0.3-win_x64\bin\extnet.dll
Event: 2.166 Loaded shared library C:\Program Files\Java\zulu21.34.19-ca-fx-jdk21.0.3-win_x64\bin\sunmscapi.dll

Deoptimization events (20 events):
Event: 35.069 Thread 0x000001fd43389090 DEOPT PACKING pc=0x000001fd122ea651 sp=0x00000015baaf8db0
Event: 35.069 Thread 0x000001fd43389090 DEOPT UNPACKING pc=0x000001fd18cd88e2 sp=0x00000015baaf84e0 mode 0
Event: 35.077 Thread 0x000001fd43389090 DEOPT PACKING pc=0x000001fd122ea651 sp=0x00000015baaf99a0
Event: 35.077 Thread 0x000001fd43389090 DEOPT UNPACKING pc=0x000001fd18cd88e2 sp=0x00000015baaf90d0 mode 0
Event: 35.081 Thread 0x000001fd43389090 DEOPT PACKING pc=0x000001fd12303fed sp=0x00000015baaf9e10
Event: 35.081 Thread 0x000001fd43389090 DEOPT UNPACKING pc=0x000001fd18cd88e2 sp=0x00000015baaf92e8 mode 0
Event: 35.089 Thread 0x000001fd43389090 DEOPT PACKING pc=0x000001fd122ea651 sp=0x00000015baaf99a0
Event: 35.089 Thread 0x000001fd43389090 DEOPT UNPACKING pc=0x000001fd18cd88e2 sp=0x00000015baaf90d0 mode 0
Event: 35.121 Thread 0x000001fd43389090 DEOPT PACKING pc=0x000001fd12303fed sp=0x00000015baaf9dd0
Event: 35.121 Thread 0x000001fd43389090 DEOPT UNPACKING pc=0x000001fd18cd88e2 sp=0x00000015baaf92a8 mode 0
Event: 35.124 Thread 0x000001fd43389090 DEOPT PACKING pc=0x000001fd122e9ae2 sp=0x00000015baaf99a0
Event: 35.125 Thread 0x000001fd43389090 DEOPT UNPACKING pc=0x000001fd18cd88e2 sp=0x00000015baaf90d0 mode 0
Event: 35.130 Thread 0x000001fd43389090 DEOPT PACKING pc=0x000001fd122ea651 sp=0x00000015baaf99a0
Event: 35.130 Thread 0x000001fd43389090 DEOPT UNPACKING pc=0x000001fd18cd88e2 sp=0x00000015baaf90d0 mode 0
Event: 35.152 Thread 0x000001fd43389090 DEOPT PACKING pc=0x000001fd12303fed sp=0x00000015baaf9dd0
Event: 35.153 Thread 0x000001fd43389090 DEOPT UNPACKING pc=0x000001fd18cd88e2 sp=0x00000015baaf92a8 mode 0
Event: 35.170 Thread 0x000001fd43389090 DEOPT PACKING pc=0x000001fd12303fed sp=0x00000015baaf9e20
Event: 35.170 Thread 0x000001fd43389090 DEOPT UNPACKING pc=0x000001fd18cd88e2 sp=0x00000015baaf92f8 mode 0
Event: 35.180 Thread 0x000001fd43389090 DEOPT PACKING pc=0x000001fd122ea651 sp=0x00000015baaf99a0
Event: 35.180 Thread 0x000001fd43389090 DEOPT UNPACKING pc=0x000001fd18cd88e2 sp=0x00000015baaf90d0 mode 0

Classes loaded (20 events):
Event: 13.670 Loading class java/util/zip/Deflater
Event: 13.670 Loading class java/util/zip/Deflater done
Event: 13.671 Loading class java/util/zip/Deflater$DeflaterZStreamRef
Event: 13.672 Loading class java/util/zip/Deflater$DeflaterZStreamRef done
Event: 13.703 Loading class java/nio/StringCharBuffer
Event: 13.703 Loading class java/nio/StringCharBuffer done
Event: 13.708 Loading class java/security/Key
Event: 13.708 Loading class java/security/Key done
Event: 15.544 Loading class java/lang/foreign/MemorySegment
Event: 15.547 Loading class java/lang/foreign/MemorySegment done
Event: 18.299 Loading class java/util/stream/SortedOps$OfRef
Event: 18.300 Loading class java/util/stream/SortedOps$OfRef done
Event: 18.300 Loading class java/util/stream/SortedOps$SizedRefSortingSink
Event: 18.301 Loading class java/util/stream/SortedOps$AbstractRefSortingSink
Event: 18.301 Loading class java/util/stream/SortedOps$AbstractRefSortingSink done
Event: 18.301 Loading class java/util/stream/SortedOps$SizedRefSortingSink done
Event: 19.664 Loading class java/lang/ThreadDeath
Event: 19.664 Loading class java/lang/ThreadDeath done
Event: 19.665 Loading class sun/misc/SharedSecrets
Event: 19.665 Loading class sun/misc/SharedSecrets done

Classes unloaded (12 events):
Event: 24.121 Thread 0x000001fd2463fcd0 Unloading class 0x000001fd268a23e8 '_BuildScript_$_run_closure1$_closure2'
Event: 24.121 Thread 0x000001fd2463fcd0 Unloading class 0x000001fd268a2000 '_BuildScript_$_run_closure1'
Event: 24.121 Thread 0x000001fd2463fcd0 Unloading class 0x000001fd268a1800 '_BuildScript_'
Event: 24.121 Thread 0x000001fd2463fcd0 Unloading class 0x000001fd268954f0 '_BuildScript_$_run_closure1'
Event: 24.121 Thread 0x000001fd2463fcd0 Unloading class 0x000001fd26895000 '_BuildScript_'
Event: 24.121 Thread 0x000001fd2463fcd0 Unloading class 0x000001fd26894a70 'IdeaPluginConfigurator$_disableSources_closure1'
Event: 24.121 Thread 0x000001fd2463fcd0 Unloading class 0x000001fd26894800 'IdeaPluginConfigurator'
Event: 24.121 Thread 0x000001fd2463fcd0 Unloading class 0x000001fd2674c8d8 '_BuildScript_$_run_closure1$_closure2'
Event: 24.121 Thread 0x000001fd2463fcd0 Unloading class 0x000001fd2674c4f0 '_BuildScript_$_run_closure1'
Event: 24.121 Thread 0x000001fd2463fcd0 Unloading class 0x000001fd2674c000 '_BuildScript_'
Event: 24.121 Thread 0x000001fd2463fcd0 Unloading class 0x000001fd266e4000 '_BuildScript_$_run_closure1'
Event: 24.121 Thread 0x000001fd2463fcd0 Unloading class 0x000001fd266dc000 '_BuildScript_'

Classes redefined (0 events):
No events

Internal exceptions (20 events):
Event: 23.389 Thread 0x000001fd4338aad0 Exception <a 'sun/nio/fs/WindowsException'{0x00000000edcc6b98}> (0x00000000edcc6b98) 
thrown [s\src\hotspot\share\prims\jni.cpp, line 520]
Event: 23.403 Thread 0x000001fd43389090 Exception <a 'sun/nio/fs/WindowsException'{0x00000000ed82b5d0}> (0x00000000ed82b5d0) 
thrown [s\src\hotspot\share\prims\jni.cpp, line 520]
Event: 23.415 Thread 0x000001fd43389090 Exception <a 'java/io/FileNotFoundException'{0x00000000ed82f948}> (0x00000000ed82f948) 
thrown [s\src\hotspot\share\prims\jni.cpp, line 520]
Event: 23.431 Thread 0x000001fd41fd9660 Exception <a 'sun/nio/fs/WindowsException'{0x00000000ed44a710}> (0x00000000ed44a710) 
thrown [s\src\hotspot\share\prims\jni.cpp, line 520]
Event: 23.445 Thread 0x000001fd41fd9660 Exception <a 'java/io/FileNotFoundException'{0x00000000ec8022d8}> (0x00000000ec8022d8) 
thrown [s\src\hotspot\share\prims\jni.cpp, line 520]
Event: 23.450 Thread 0x000001fd3fafc5a0 Exception <a 'sun/nio/fs/WindowsException'{0x00000000ed96fb98}> (0x00000000ed96fb98) 
thrown [s\src\hotspot\share\prims\jni.cpp, line 520]
Event: 23.478 Thread 0x000001fd41fd9660 Exception <a 'sun/nio/fs/WindowsException'{0x00000000ec809390}> (0x00000000ec809390) 
thrown [s\src\hotspot\share\prims\jni.cpp, line 520]
Event: 23.535 Thread 0x000001fd4338b7f0 Exception <a 'sun/nio/fs/WindowsException'{0x00000000ec53ced8}> (0x00000000ec53ced8) 
thrown [s\src\hotspot\share\prims\jni.cpp, line 520]
Event: 23.540 Thread 0x000001fd4338b7f0 Exception <a 'java/io/FileNotFoundException'{0x00000000ec541260}> (0x00000000ec541260) 
thrown [s\src\hotspot\share\prims\jni.cpp, line 520]
Event: 24.215 Thread 0x000001fd4338aad0 Exception <a 'sun/nio/fs/WindowsException'{0x00000000ef26d148}> (0x00000000ef26d148) 
thrown [s\src\hotspot\share\prims\jni.cpp, line 520]
Event: 24.233 Thread 0x000001fd4338aad0 Exception <a 'java/io/FileNotFoundException'{0x00000000ef2714e8}> (0x00000000ef2714e8) 
thrown [s\src\hotspot\share\prims\jni.cpp, line 520]
Event: 24.249 Thread 0x000001fd4338aad0 Exception <a 'sun/nio/fs/WindowsException'{0x00000000ef278088}> (0x00000000ef278088) 
thrown [s\src\hotspot\share\prims\jni.cpp, line 520]
Event: 24.484 Thread 0x000001fd43389090 Exception <a 'sun/nio/fs/WindowsException'{0x00000000eac8c418}> (0x00000000eac8c418) 
thrown [s\src\hotspot\share\prims\jni.cpp, line 520]
Event: 24.525 Thread 0x000001fd43389090 Exception <a 'java/io/FileNotFoundException'{0x00000000f0d03570}> (0x00000000f0d03570) 
thrown [s\src\hotspot\share\prims\jni.cpp, line 520]
Event: 24.541 Thread 0x000001fd43389090 Exception <a 'sun/nio/fs/WindowsException'{0x00000000f0d1a348}> (0x00000000f0d1a348) 
thrown [s\src\hotspot\share\prims\jni.cpp, line 520]
Event: 24.547 Thread 0x000001fd43389090 Exception <a 'java/io/FileNotFoundException'{0x00000000f0d1e708}> (0x00000000f0d1e708) 
thrown [s\src\hotspot\share\prims\jni.cpp, line 520]
Event: 24.558 Thread 0x000001fd43389090 Exception <a 'sun/nio/fs/WindowsException'{0x00000000f0d25c10}> (0x00000000f0d25c10) 
thrown [s\src\hotspot\share\prims\jni.cpp, line 520]
Event: 25.218 Thread 0x000001fd41fd8fd0 Exception <a 'sun/nio/fs/WindowsException'{0x00000000efa0ddd8}> (0x00000000efa0ddd8) 
thrown [s\src\hotspot\share\prims\jni.cpp, line 520]
Event: 25.223 Thread 0x000001fd41fd8fd0 Exception <a 'java/io/FileNotFoundException'{0x00000000efa121a0}> (0x00000000efa121a0) 
thrown [s\src\hotspot\share\prims\jni.cpp, line 520]
Event: 25.236 Thread 0x000001fd41fd8fd0 Exception <a 'sun/nio/fs/WindowsException'{0x00000000efa18ec0}> (0x00000000efa18ec0) 
thrown [s\src\hotspot\share\prims\jni.cpp, line 520]

ZGC Phase Switch (0 events):
No events

VM Operations (20 events):
Event: 30.045 Executing VM operation: G1PauseRemark
Event: 30.053 Executing VM operation: G1PauseRemark done
Event: 30.179 Executing VM operation: G1PauseCleanup
Event: 30.179 Executing VM operation: G1PauseCleanup done
Event: 30.883 Executing VM operation: G1CollectForAllocation (G1 Evacuation Pause)
Event: 30.893 Executing VM operation: G1CollectForAllocation (G1 Evacuation Pause) done
Event: 31.899 Executing VM operation: Cleanup
Event: 31.899 Executing VM operation: Cleanup done
Event: 32.782 Executing VM operation: G1CollectForAllocation (G1 Evacuation Pause)
Event: 32.796 Executing VM operation: G1CollectForAllocation (G1 Evacuation Pause) done
Event: 33.803 Executing VM operation: Cleanup
Event: 33.804 Executing VM operation: Cleanup done
Event: 34.092 Executing VM operation: G1CollectForAllocation (G1 Evacuation Pause)
Event: 34.110 Executing VM operation: G1CollectForAllocation (G1 Evacuation Pause) done
Event: 34.267 Executing VM operation: G1PauseRemark
Event: 34.275 Executing VM operation: G1PauseRemark done
Event: 34.362 Executing VM operation: G1PauseCleanup
Event: 34.362 Executing VM operation: G1PauseCleanup done
Event: 35.377 Executing VM operation: Cleanup
Event: 35.377 Executing VM operation: Cleanup done

Events (20 events):
Event: 34.275 Thread 0x000001fd2463fcd0 flushing nmethod 0x000001fd11d72090
Event: 34.275 Thread 0x000001fd2463fcd0 flushing nmethod 0x000001fd11d36490
Event: 34.275 Thread 0x000001fd2463fcd0 flushing nmethod 0x000001fd11c11c90
Event: 34.275 Thread 0x000001fd2463fcd0 flushing nmethod 0x000001fd11a9e010
Event: 34.275 Thread 0x000001fd2463fcd0 flushing nmethod 0x000001fd119cc110
Event: 34.275 Thread 0x000001fd2463fcd0 flushing nmethod 0x000001fd11902890
Event: 34.275 Thread 0x000001fd2463fcd0 flushing nmethod 0x000001fd118d1810
Event: 34.275 Thread 0x000001fd2463fcd0 flushing nmethod 0x000001fd11857490
Event: 34.275 Thread 0x000001fd2463fcd0 flushing nmethod 0x000001fd11805a10
Event: 34.275 Thread 0x000001fd2463fcd0 flushing nmethod 0x000001fd117d6690
Event: 34.275 Thread 0x000001fd2463fcd0 flushing nmethod 0x000001fd117dbb10
Event: 34.275 Thread 0x000001fd2463fcd0 flushing nmethod 0x000001fd11798690
Event: 34.275 Thread 0x000001fd2463fcd0 flushing nmethod 0x000001fd11772e90
Event: 34.275 Thread 0x000001fd2463fcd0 flushing nmethod 0x000001fd11772690
Event: 34.275 Thread 0x000001fd2463fcd0 flushing nmethod 0x000001fd11771f90
Event: 34.275 Thread 0x000001fd2463fcd0 flushing nmethod 0x000001fd11754a90
Event: 34.275 Thread 0x000001fd2463fcd0 flushing nmethod 0x000001fd196d9d90
Event: 34.275 Thread 0x000001fd2463fcd0 flushing nmethod 0x000001fd193f7310
Event: 34.275 Thread 0x000001fd2463fcd0 flushing nmethod 0x000001fd193a6790
Event: 34.275 Thread 0x000001fd2463fcd0 flushing nmethod 0x000001fd19364190


Dynamic libraries:
0x00007ff645060000 - 0x00007ff64506e000 	C:\Program Files\Java\zulu21.34.19-ca-fx-jdk21.0.3-win_x64\bin\java.exe
0x00007ff9f8100000 - 0x00007ff9f8366000 	C:\WINDOWS\SYSTEM32\ntdll.dll
0x00007ff9f70d0000 - 0x00007ff9f7199000 	C:\WINDOWS\System32\KERNEL32.DLL
0x00007ff9f5600000 - 0x00007ff9f5a00000 	C:\WINDOWS\System32\KERNELBASE.dll
0x00007ff9f5a10000 - 0x00007ff9f5b5c000 	C:\WINDOWS\System32\ucrtbase.dll
0x00007ff9dbff0000 - 0x00007ff9dc009000 	C:\Program Files\Java\zulu21.34.19-ca-fx-jdk21.0.3-win_x64\bin\jli.dll
0x00007ff9dba80000 - 0x00007ff9dba9b000 	C:\Program Files\Java\zulu21.34.19-ca-fx-jdk21.0.3-win_x64\bin\VCRUNTIME140.dll
0x00007ff9f71a0000 - 0x00007ff9f7367000 	C:\WINDOWS\System32\USER32.dll
0x00007ff9f54a0000 - 0x00007ff9f54c7000 	C:\WINDOWS\System32\win32u.dll
0x00007ff9d45f0000 - 0x00007ff9d4882000 	C:\WINDOWS\WinSxS\amd64_microsoft.windows.common-controls_6595b64144ccf1df_6.0.26100.8737_none_3e092eaee333b772\COMCTL32.dll
0x00007ff9f5fc0000 - 0x00007ff9f5feb000 	C:\WINDOWS\System32\GDI32.dll
0x00007ff9f54d0000 - 0x00007ff9f55f9000 	C:\WINDOWS\System32\gdi32full.dll
0x00007ff9f7e20000 - 0x00007ff9f7ec9000 	C:\WINDOWS\System32\msvcrt.dll
0x00007ff9f5cc0000 - 0x00007ff9f5d63000 	C:\WINDOWS\System32\msvcp_win.dll
0x00007ff9f7d10000 - 0x00007ff9f7d42000 	C:\WINDOWS\System32\IMM32.DLL
0x00007ff9e0d70000 - 0x00007ff9e0d7c000 	C:\Program Files\Java\zulu21.34.19-ca-fx-jdk21.0.3-win_x64\bin\vcruntime140_1.dll
0x00007ff9abbf0000 - 0x00007ff9abc7e000 	C:\Program Files\Java\zulu21.34.19-ca-fx-jdk21.0.3-win_x64\bin\msvcp140.dll
0x00007ff9140a0000 - 0x00007ff914e34000 	C:\Program Files\Java\zulu21.34.19-ca-fx-jdk21.0.3-win_x64\bin\server\jvm.dll
0x00007ff9f65f0000 - 0x00007ff9f66a7000 	C:\WINDOWS\System32\ADVAPI32.dll
0x00007ff9f7ed0000 - 0x00007ff9f7f7a000 	C:\WINDOWS\System32\sechost.dll
0x00007ff9f6810000 - 0x00007ff9f6928000 	C:\WINDOWS\System32\RPCRT4.dll
0x00007ff9f6780000 - 0x00007ff9f6800000 	C:\WINDOWS\System32\WS2_32.dll
0x00007ff9f5170000 - 0x00007ff9f51ce000 	C:\WINDOWS\SYSTEM32\POWRPROF.dll
0x00007ff9ed4d0000 - 0x00007ff9ed506000 	C:\WINDOWS\SYSTEM32\WINMM.dll
0x00007ff9e2e40000 - 0x00007ff9e2e4b000 	C:\WINDOWS\SYSTEM32\VERSION.dll
0x00007ff9f5150000 - 0x00007ff9f5164000 	C:\WINDOWS\SYSTEM32\UMPDC.dll
0x00007ff9f4000000 - 0x00007ff9f401b000 	C:\WINDOWS\SYSTEM32\kernel.appcore.dll
0x00007ff9dff70000 - 0x00007ff9dff7a000 	C:\Program Files\Java\zulu21.34.19-ca-fx-jdk21.0.3-win_x64\bin\jimage.dll
0x00007ff9f2880000 - 0x00007ff9f2ac2000 	C:\WINDOWS\SYSTEM32\DBGHELP.DLL
0x00007ff9f7490000 - 0x00007ff9f7813000 	C:\WINDOWS\System32\combase.dll
0x00007ff9f7390000 - 0x00007ff9f7469000 	C:\WINDOWS\System32\OLEAUT32.dll
0x00007ff9ed490000 - 0x00007ff9ed4cb000 	C:\WINDOWS\SYSTEM32\dbgcore.DLL
0x00007ff9f5b70000 - 0x00007ff9f5c1c000 	C:\WINDOWS\System32\bcryptPrimitives.dll
0x00007ff9dbf30000 - 0x00007ff9dbf3f000 	C:\Program Files\Java\zulu21.34.19-ca-fx-jdk21.0.3-win_x64\bin\instrument.dll
0x00007ff9d6590000 - 0x00007ff9d65af000 	C:\Program Files\Java\zulu21.34.19-ca-fx-jdk21.0.3-win_x64\bin\java.dll
0x00007ff9f6930000 - 0x00007ff9f70c2000 	C:\WINDOWS\System32\SHELL32.dll
0x00007ff9f2d90000 - 0x00007ff9f3622000 	C:\WINDOWS\SYSTEM32\windows.storage.dll
0x00007ff9f7a70000 - 0x00007ff9f7b67000 	C:\WINDOWS\System32\SHCORE.dll
0x00007ff9f6710000 - 0x00007ff9f6777000 	C:\WINDOWS\System32\shlwapi.dll
0x00007ff9f5240000 - 0x00007ff9f5269000 	C:\WINDOWS\SYSTEM32\profapi.dll
0x00007ff9aba00000 - 0x00007ff9abad7000 	C:\Program Files\Java\zulu21.34.19-ca-fx-jdk21.0.3-win_x64\bin\jsvml.dll
0x00007ff9c07c0000 - 0x00007ff9c07d8000 	C:\Program Files\Java\zulu21.34.19-ca-fx-jdk21.0.3-win_x64\bin\zip.dll
0x00007ff9db7f0000 - 0x00007ff9db800000 	C:\Program Files\Java\zulu21.34.19-ca-fx-jdk21.0.3-win_x64\bin\net.dll
0x00007ff9e2ed0000 - 0x00007ff9e2ff9000 	C:\WINDOWS\SYSTEM32\WINHTTP.dll
0x00007ff9f45b0000 - 0x00007ff9f461c000 	C:\WINDOWS\system32\mswsock.dll
0x00007ff9b74b0000 - 0x00007ff9b74c6000 	C:\Program Files\Java\zulu21.34.19-ca-fx-jdk21.0.3-win_x64\bin\nio.dll
0x00007ff9d5d30000 - 0x00007ff9d5d40000 	C:\Program Files\Java\zulu21.34.19-ca-fx-jdk21.0.3-win_x64\bin\verify.dll
0x00007ff9b7870000 - 0x00007ff9b7897000 	C:\Users\gagan\.gradle\native\660c5614fbf4a5f2a75b1949f50a0caf5cd603558e7d8a26e50b933a0cfb79d1\windows-amd64\native-platform.dll
0x00007ff9a7d50000 - 0x00007ff9a7dc7000 	C:\Users\gagan\.gradle\native\0.2.8\x86_64-windows-gnu\gradle-fileevents.dll
0x00007ff9d3d80000 - 0x00007ff9d3d8a000 	C:\Program Files\Java\zulu21.34.19-ca-fx-jdk21.0.3-win_x64\bin\management.dll
0x00007ff9cf280000 - 0x00007ff9cf28b000 	C:\Program Files\Java\zulu21.34.19-ca-fx-jdk21.0.3-win_x64\bin\management_ext.dll
0x00007ff9f7e10000 - 0x00007ff9f7e18000 	C:\WINDOWS\System32\PSAPI.DLL
0x00007ff9f39d0000 - 0x00007ff9f3a03000 	C:\WINDOWS\SYSTEM32\IPHLPAPI.DLL
0x00007ff9f7470000 - 0x00007ff9f747a000 	C:\WINDOWS\System32\NSI.dll
0x00007ff9ced30000 - 0x00007ff9ced39000 	C:\Program Files\Java\zulu21.34.19-ca-fx-jdk21.0.3-win_x64\bin\extnet.dll
0x00007ff9f48d0000 - 0x00007ff9f48eb000 	C:\WINDOWS\SYSTEM32\CRYPTSP.dll
0x00007ff9f3f60000 - 0x00007ff9f3f99000 	C:\WINDOWS\system32\rsaenh.dll
0x00007ff9f4670000 - 0x00007ff9f46a2000 	C:\WINDOWS\SYSTEM32\USERENV.dll
0x00007ff9f5210000 - 0x00007ff9f523a000 	C:\WINDOWS\SYSTEM32\bcrypt.dll
0x00007ff9f48b0000 - 0x00007ff9f48bc000 	C:\WINDOWS\SYSTEM32\CRYPTBASE.dll
0x00007ff9c10d0000 - 0x00007ff9c10de000 	C:\Program Files\Java\zulu21.34.19-ca-fx-jdk21.0.3-win_x64\bin\sunmscapi.dll
0x00007ff9f5320000 - 0x00007ff9f5498000 	C:\WINDOWS\System32\CRYPT32.dll
0x00007ff9f4af0000 - 0x00007ff9f4b20000 	C:\WINDOWS\SYSTEM32\ncrypt.dll
0x00007ff9f4aa0000 - 0x00007ff9f4adf000 	C:\WINDOWS\SYSTEM32\NTASN1.dll
0x00007ff9b9b20000 - 0x00007ff9b9b28000 	C:\WINDOWS\system32\wshunix.dll
0x00007ff9f4130000 - 0x00007ff9f4166000 	C:\WINDOWS\SYSTEM32\ntmarta.dll

dbghelp: loaded successfully - version: 4.0.5 - missing functions: none
symbol engine: initialized successfully - sym options: 0x614 - pdb path: .;C:\Program Files\Java\zulu21.34.19-ca-fx-jdk21.0.3-win_x64\bin;C:\WINDOWS\SYSTEM32;C:\WINDOWS\WinSxS\amd64_microsoft.windows.common-controls_6595b64144ccf1df_6.0.26100.8737_none_3e092eaee333b772;C:\Program Files\Java\zulu21.34.19-ca-fx-jdk21.0.3-win_x64\bin\server;C:\Users\gagan\.gradle\native\660c5614fbf4a5f2a75b1949f50a0caf5cd603558e7d8a26e50b933a0cfb79d1\windows-amd64;C:\Users\gagan\.gradle\native\0.2.8\x86_64-windows-gnu

VM Arguments:
jvm_args: --add-opens=java.base/java.lang=ALL-UNNAMED --add-opens=java.base/java.lang.invoke=ALL-UNNAMED --add-opens=java.base/java.util=ALL-UNNAMED --add-opens=java.prefs/java.util.prefs=ALL-UNNAMED --add-exports=jdk.compiler/com.sun.tools.javac.api=ALL-UNNAMED --add-exports=jdk.compiler/com.sun.tools.javac.util=ALL-UNNAMED --add-opens=java.base/java.nio.charset=ALL-UNNAMED --add-opens=java.base/java.net=ALL-UNNAMED --add-opens=java.base/java.util.concurrent=ALL-UNNAMED --add-opens=java.base/java.util.concurrent.atomic=ALL-UNNAMED --add-opens=java.xml/javax.xml.namespace=ALL-UNNAMED --add-opens=java.base/java.time=ALL-UNNAMED -XX:MaxMetaspaceSize=384m -XX:+HeapDumpOnOutOfMemoryError -Xms256m -Xmx512m -Dfile.encoding=UTF-8 -Duser.country=IN -Duser.language=en -Duser.variant -javaagent:C:\Users\gagan\.gradle\wrapper\dists\gradle-9.5.1-bin\iq79hdu3mqx29lgffhp8bfmx\gradle-9.5.1\lib\agents\gradle-instrumentation-agent-9.5.1.jar 
java_command: org.gradle.launcher.daemon.bootstrap.GradleDaemon 9.5.1
java_class_path (initial): C:\Users\gagan\.gradle\wrapper\dists\gradle-9.5.1-bin\iq79hdu3mqx29lgffhp8bfmx\gradle-9.5.1\lib\gradle-daemon-main-9.5.1.jar
Launcher Type: SUN_STANDARD

[Global flags]
     intx CICompilerCount                          = 4                                         {product} {ergonomic}
   size_t CompressedClassSpaceSize                 = 335544320                                 {product} {ergonomic}
     uint ConcGCThreads                            = 2                                         {product} {ergonomic}
     uint G1ConcRefinementThreads                  = 8                                         {product} {ergonomic}
   size_t G1HeapRegionSize                         = 1048576                                   {product} {ergonomic}
    uintx GCDrainStackTargetSize                   = 64                                        {product} {ergonomic}
     bool HeapDumpOnOutOfMemoryError               = true                                   {manageable} {command line}
   size_t InitialHeapSize                          = 268435456                                 {product} {command line}
   size_t MarkStackSize                            = 4194304                                   {product} {ergonomic}
   size_t MaxHeapSize                              = 536870912                                 {product} {command line}
   size_t MaxMetaspaceSize                         = 402653184                                 {product} {command line}
   size_t MaxNewSize                               = 321912832                                 {product} {ergonomic}
   size_t MinHeapDeltaBytes                        = 1048576                                   {product} {ergonomic}
   size_t MinHeapSize                              = 268435456                                 {product} {command line}
    uintx NonNMethodCodeHeapSize                   = 5839372                                {pd product} {ergonomic}
    uintx NonProfiledCodeHeapSize                  = 122909434                              {pd product} {ergonomic}
    uintx ProfiledCodeHeapSize                     = 122909434                              {pd product} {ergonomic}
    uintx ReservedCodeCacheSize                    = 251658240                              {pd product} {ergonomic}
     bool SegmentedCodeCache                       = true                                      {product} {ergonomic}
   size_t SoftMaxHeapSize                          = 536870912                              {manageable} {ergonomic}
     bool UseCompressedOops                        = true                           {product lp64_product} {ergonomic}
     bool UseG1GC                                  = true                                      {product} {ergonomic}
     bool UseLargePagesIndividualAllocation        = false                                  {pd product} {ergonomic}

Logging:
Log output configuration:
 #0: stdout all=warning uptime,level,tags foldmultilines=false
 #1: stderr all=off uptime,level,tags foldmultilines=false

Environment Variables:
PATH=C:\Program Files\Java\jdk-17\bin;C:\Windows\system32;C:\Windows;C:\Windows\System32\Wbem;C:\Windows\System32\WindowsPowerShell\v1.0\;C:\Windows\System32\OpenSSH\;C:\Program Files\dotnet\;C:\msys64\mingw64\bin;C:\Program Files\MySQL\MySQL Shell 8.0\bin\;C:\Users\gagan\AppData\Local\Microsoft\WindowsApps;C:\Users\gagan\PyCharm Community Edition 2022.2\bin;C:\Users\gagan\AppData\Local\Programs\Microsoft VS Code\bin;C:\Users\gagan\AppData\Roaming\npm;C:\adb;%MAVEN_HOME%\bin;C:\xampp\php;C:\Program Files\MongoDB\Server\8.0\bin;C:\Users\gagan\AppData\Local\Android\Sdk\platform-tools;C:\Users\gagan\AppData\Local\Android\Sdk\tools;C:\Users\gagan\AppData\Local\Android\Sdk\emulator;C:\Program Files\nodejs\;C:\Program Files\Git\cmd;C:\WINDOWS\system32;C:\WINDOWS;C:\WINDOWS\System32\Wbem;C:\WINDOWS\System32\WindowsPowerShell\v1.0\;C:\WINDOWS\System32\OpenSSH\;C:\Program Files\JetBrains\IntelliJ IDEA 2025.2\bin;C:\Program Files\Docker\Docker\resources\bin;C:\Users\gagan\Downloads\gradle-9.0.0-bin\gradle-9.0.0\bin;C:\Program Files\erl10.7\bin;C:\Program Files\RabbitMQ Server\rabbitmq_server-3.8.8\sbin;C:\Program Files\MySQL\MySQL Server 8.0\bin;C:\Program Files\cursor\resources\app\bin;C:\Program Files\mongosh\;C:\Users\gagan\AppData\Local\Programs\Python\Python312\Scripts\;C:\Users\gagan\AppData\Local\Programs\Python\Python312\;C:\Users\gagan\AppData\Local\Programs\Python\Python311\Scripts\;C:\Users\gagan\AppData\Local\Programs\Python\Python311\;C:\Program Files\MySQL\MySQL Shell 8.0\bin\;C:\Users\gagan\AppData\Local\Microsoft\WindowsApps;C:\Users\gagan\PyCharm Community Edition 2022.2\bin;;C:\Users\gagan\AppData\Local\Programs\Microsoft VS Code\bin;C:\apache-maven-3.9.8\bin;C:\Users\gagan\AppData\Roaming\npm;C:\Program Files\JetBrains\IntelliJ IDEA 2025.2\bin;
USERNAME=gagan
OS=Windows_NT
PROCESSOR_IDENTIFIER=Intel64 Family 6 Model 140 Stepping 2, GenuineIntel
TMP=C:\Users\gagan\AppData\Local\Temp
TEMP=C:\Users\gagan\AppData\Local\Temp




Periodic native trim disabled

---------------  S Y S T E M  ---------------

OS:
 Windows 11 , 64 bit Build 26100 (10.0.26100.8737)
OS uptime: 22 days 0:20 hours
Hyper-V role detected

CPU: total 8 (initial active 8) (4 cores per cpu, 2 threads per core) family 6 model 140 stepping 2 microcode 0x16, cx8, cmov, fxsr, ht, mmx, 3dnowpref, sse, sse2, sse3, ssse3, sse4.1, sse4.2, popcnt, lzcnt, tsc, tscinvbit, avx, avx2, aes, erms, clmul, bmi1, bmi2, adx, avx512f, avx512dq, avx512cd, avx512bw, avx512vl, sha, fma, vzeroupper, avx512_vpopcntdq, avx512_vpclmulqdq, avx512_vaes, avx512_vnni, clflush, clflushopt, clwb, avx512_vbmi2, avx512_vbmi, hv, rdtscp, rdpid, fsrm, gfni, avx512_bitalg, f16c, cet_ibt, cet_ss, avx512_ifma
Processor Information for processor 0
  Max Mhz: 2496, Current Mhz: 2496, Mhz Limit: 2496
Processor Information for processor 1
  Max Mhz: 2496, Current Mhz: 998, Mhz Limit: 2496
Processor Information for processor 2
  Max Mhz: 2496, Current Mhz: 998, Mhz Limit: 2496
Processor Information for processor 3
  Max Mhz: 2496, Current Mhz: 2496, Mhz Limit: 2496
Processor Information for processor 4
  Max Mhz: 2496, Current Mhz: 2496, Mhz Limit: 2496
Processor Information for processor 5
  Max Mhz: 2496, Current Mhz: 2496, Mhz Limit: 2496
Processor Information for processor 6
  Max Mhz: 2496, Current Mhz: 998, Mhz Limit: 2496
Processor Information for processor 7
  Max Mhz: 2496, Current Mhz: 2496, Mhz Limit: 2496

Memory: 4k page, system-wide physical 16122M (253M free)
TotalPageFile size 47991M (AvailPageFile size 38M)
current process WorkingSet (physical memory assigned to process): 484M, peak: 507M
current process commit charge ("private bytes"): 532M, peak: 552M

vm_info: OpenJDK 64-Bit Server VM (21.0.3+9-LTS) for windows-amd64 JRE (21.0.3+9-LTS) (Zulu21.34+19-CA), built on 2024-04-09T07:26:22Z by "zulu_re" with MS VC++ 17.1 (VS2022)

END.
